Archive member included to satisfy reference by file (symbol)

G:/Setup/Segger/lib/libc_v7em_fpv4_sp_d16_hard_t_le_eabi.a(libc_asm.o)
                              Output/BLE_Gateway Release/Obj/bsp.o (__aeabi_uldivmod)
G:/Setup/Segger/lib/libc_v7em_fpv4_sp_d16_hard_t_le_eabi.a(libc2.o)
                              Output/BLE_Gateway Release/Obj/nrf_log_str_formatter.o (isprint)
G:/Setup/Segger/lib/libc_v7em_fpv4_sp_d16_hard_t_le_eabi.a(libc2_asm.o)
                              Output/BLE_Gateway Release/Obj/nrf_log_frontend.o (memcpy)
G:/Setup/Segger/lib/libc_v7em_fpv4_sp_d16_hard_t_le_eabi.a(libc.o)
                              G:/Setup/Segger/lib/libc_v7em_fpv4_sp_d16_hard_t_le_eabi.a(libc2.o) (__heap_lock)
G:/Setup/Segger/lib/libdebugio_v7em_fpv4_sp_d16_hard_t_le_eabi.a(libdebugio.o)
                              Output/BLE_Gateway Release/Obj/thumb_crt0.o (debug_fopen)
G:/Setup/Segger/lib/libdebugio_mempoll_v7em_fpv4_sp_d16_hard_t_le_eabi.a(mempoll_debug_operations.o)
                              G:/Setup/Segger/lib/libdebugio_v7em_fpv4_sp_d16_hard_t_le_eabi.a(libdebugio.o) (__do_debug_operation)
G:/Setup/Segger/lib/libdebugio_mempoll_v7em_fpv4_sp_d16_hard_t_le_eabi.a(do_nv_debug_operation.o)
                              G:/Setup/Segger/lib/libdebugio_v7em_fpv4_sp_d16_hard_t_le_eabi.a(libdebugio.o) (__do_nvdebug_operation)
G:/Setup/Segger/lib/libm_v7em_fpv4_sp_d16_hard_t_le_eabi.a(libm_asm.o)
                              G:/Setup/Segger/lib/libc_v7em_fpv4_sp_d16_hard_t_le_eabi.a(libc2.o) (__aeabi_i2d)
G:/Setup/Segger/lib/libm_v7em_fpv4_sp_d16_hard_t_le_eabi.a(libm2.o)
                              G:/Setup/Segger/lib/libvfprintf_v7em_fpv4_sp_d16_hard_t_le_eabi.o (frexp)
G:/Setup/Segger/lib/libm_v7em_fpv4_sp_d16_hard_t_le_eabi.a(libm2_asm.o)
                              G:/Setup/Segger/lib/libm_v7em_fpv4_sp_d16_hard_t_le_eabi.a(libm2.o) (fabs)

Discarded input sections

 .text          0x0000000000000000        0x0 Output/BLE_Gateway Release/Obj/thumb_crt0.o
 .data          0x0000000000000000        0x0 Output/BLE_Gateway Release/Obj/thumb_crt0.o
 .bss           0x0000000000000000        0x0 Output/BLE_Gateway Release/Obj/thumb_crt0.o
 .text.__aeabi_read_tp
                0x0000000000000000        0x8 Output/BLE_Gateway Release/Obj/thumb_crt0.o
 .text.abort    0x0000000000000000        0x2 Output/BLE_Gateway Release/Obj/thumb_crt0.o
 .text.__assert
                0x0000000000000000        0x2 Output/BLE_Gateway Release/Obj/thumb_crt0.o
 .text.__aeabi_assert
                0x0000000000000000        0x2 Output/BLE_Gateway Release/Obj/thumb_crt0.o
 .text.__sync_synchronize
                0x0000000000000000        0x2 Output/BLE_Gateway Release/Obj/thumb_crt0.o
 .text.__getchar
                0x0000000000000000        0x4 Output/BLE_Gateway Release/Obj/thumb_crt0.o
 .text.__putchar
                0x0000000000000000        0x4 Output/BLE_Gateway Release/Obj/thumb_crt0.o
 .text.__open   0x0000000000000000        0x4 Output/BLE_Gateway Release/Obj/thumb_crt0.o
 .text.__close  0x0000000000000000        0x4 Output/BLE_Gateway Release/Obj/thumb_crt0.o
 .text.__write  0x0000000000000000        0xa Output/BLE_Gateway Release/Obj/thumb_crt0.o
 .text.__read   0x0000000000000000        0xa Output/BLE_Gateway Release/Obj/thumb_crt0.o
 .text.__seek   0x0000000000000000       0x1a Output/BLE_Gateway Release/Obj/thumb_crt0.o
 .bss.__user_locale_name_buffer
                0x0000000000000000        0x4 Output/BLE_Gateway Release/Obj/thumb_crt0.o
 .stack         0x0000000000000000        0x0 Output/BLE_Gateway Release/Obj/thumb_crt0.o
 .stack_process
                0x0000000000000000        0x0 Output/BLE_Gateway Release/Obj/thumb_crt0.o
 .heap          0x0000000000000000        0x0 Output/BLE_Gateway Release/Obj/thumb_crt0.o
 .group         0x0000000000000000        0xc Output/BLE_Gateway Release/Obj/nrf_log_backend_rtt.o
 .group         0x0000000000000000        0xc Output/BLE_Gateway Release/Obj/nrf_log_backend_rtt.o
 .group         0x0000000000000000        0xc Output/BLE_Gateway Release/Obj/nrf_log_backend_rtt.o
 .group         0x0000000000000000        0xc Output/BLE_Gateway Release/Obj/nrf_log_backend_rtt.o
 .group         0x0000000000000000        0xc Output/BLE_Gateway Release/Obj/nrf_log_backend_rtt.o
 .group         0x0000000000000000        0xc Output/BLE_Gateway Release/Obj/nrf_log_backend_rtt.o
 .group         0x0000000000000000        0xc Output/BLE_Gateway Release/Obj/nrf_log_backend_rtt.o
 .group         0x0000000000000000        0xc Output/BLE_Gateway Release/Obj/nrf_log_backend_rtt.o
 .group         0x0000000000000000        0xc Output/BLE_Gateway Release/Obj/nrf_log_backend_rtt.o
 .group         0x0000000000000000        0xc Output/BLE_Gateway Release/Obj/nrf_log_backend_rtt.o
 .group         0x0000000000000000        0xc Output/BLE_Gateway Release/Obj/nrf_log_backend_rtt.o
 .group         0x0000000000000000        0xc Output/BLE_Gateway Release/Obj/nrf_log_backend_rtt.o
[...]
Memory Configuration

Name             Origin             Length             Attributes
UNPLACED_SECTIONS 0x0000000100000000 0x0000000000000000 xw
RAM              0x0000000020000000 0x0000000000010000 xw
FLASH            0x0000000000000000 0x0000000000080000 xw
*default*        0x0000000000000000 0xffffffffffffffff

Linker script and memory map

                0x0000000000000000                __vfprintf = __vfprintf_long
                0x0000000000000000                __vfscanf = __vfscanf_long
                0x0000000020000000                __RAM_segment_start__ = 0x20000000
                0x0000000020010000                __RAM_segment_end__ = 0x20010000
                0x0000000000010000                __RAM_segment_size__ = 0x10000
                0x0000000000000000                __FLASH_segment_start__ = 0x0
                0x0000000000080000                __FLASH_segment_end__ = 0x80000
                0x0000000000080000                __FLASH_segment_size__ = 0x80000
                0x0000000000002000                __HEAPSIZE__ = 0x2000
                0x0000000000000000                __STACKSIZE_PROCESS__ = 0x0
                0x0000000000002000                __STACKSIZE__ = 0x2000
                0x0000000020000000                __reserved_ram_load_start__ = 0x20000000

.reserved_ram   0x0000000020000000     0x68e8
                0x0000000020000000                __reserved_ram_start__ = .
 *(.reserved_ram .reserved_ram.*)
                0x00000000200068e8                . = MAX (((__reserved_ram_start__ + 0x200068e8) - 0x20000000), .)
 *fill*         0x0000000020000000     0x68e8 
                0x00000000200068e8                __reserved_ram_end__ = (__reserved_ram_start__ + SIZEOF (.reserved_ram))
                0x00000000000068e8                __reserved_ram_size__ = SIZEOF (.reserved_ram)
                0x00000000200068e8                __reserved_ram_load_end__ = __reserved_ram_end__
                0x0000000000000001                . = ASSERT (((__reserved_ram_start__ == __reserved_ram_end__) || ((__reserved_ram_end__ >= __RAM_segment_start__) && (__reserved_ram_end__ <= __RAM_segment_end__))), error: .reserved_ram is too large to fit in RAM memory segment)
                0x00000000200068e8                __vectors_ram_load_start__ = 0x200068e8

.vectors_ram    0x00000000200068e8        0x0
                0x00000000200068e8                __vectors_ram_start__ = .
                0x00000000200068e8                __app_ram_start__ = __vectors_ram_start__
 *(.vectors_ram .vectors_ram.*)
                0x00000000200068e8                __vectors_ram_end__ = (__vectors_ram_start__ + SIZEOF (.vectors_ram))
                0x0000000000000000                __vectors_ram_size__ = SIZEOF (.vectors_ram)
                0x00000000200068e8                __vectors_ram_load_end__ = __vectors_ram_end__
                0x0000000000000001                . = ASSERT (((__vectors_ram_start__ == __vectors_ram_end__) || ((__vectors_ram_end__ >= __RAM_segment_start__) && (__vectors_ram_end__ <= __RAM_segment_end__))), error: .vectors_ram is too large to fit in RAM memory segment)
                0x0000000000000001                . = ASSERT ((__reserved_ram_end__ <= __vectors_ram_start__), error: section .reserved_ram overlaps absolute placed section .vectors_ram)
                0x00000000200068e8                __nrf_sections_run_load_start__ = ALIGN (__vectors_ram_end__, 0x4)

.nrf_sections_run
                0x00000000200068e8        0x0
                0x00000000200068e8                __nrf_sections_run_start__ = .
                0x00000000200068e8                __start_nrf_sections_run = __nrf_sections_run_start__
 *(.nrf_sections_run .nrf_sections_run.*)
                0x00000000200068e8                __nrf_sections_run_end__ = (__nrf_sections_run_start__ + SIZEOF (.nrf_sections_run))
                0x0000000000000000                __nrf_sections_run_size__ = SIZEOF (.nrf_sections_run)
                0x00000000200068e8                __nrf_sections_run_load_end__ = __nrf_sections_run_end__
                0x0000000000000001                . = ASSERT (((__nrf_sections_run_start__ == __nrf_sections_run_end__) || ((__nrf_sections_run_end__ >= __RAM_segment_start__) && (__nrf_sections_run_end__ <= __RAM_segment_end__))), error: .nrf_sections_run is too large to fit in RAM memory segment)
                0x0000000000000000                __reserved_flash_load_start__ = 0x0

.reserved_flash
                0x0000000000000000    0x26000
                0x0000000000000000                __reserved_flash_start__ = .
 *(.reserved_flash .reserved_flash.*)
                0x0000000000026000                . = MAX (((__reserved_flash_start__ + 0x26000) - 0x0), .)
 *fill*         0x0000000000000000    0x26000 
                0x0000000000026000                __reserved_flash_end__ = (__reserved_flash_start__ + SIZEOF (.reserved_flash))
                0x0000000000026000                __reserved_flash_size__ = SIZEOF (.reserved_flash)
                0x0000000000026000                __reserved_flash_load_end__ = __reserved_flash_end__
                0x0000000000000001                . = ASSERT (((__reserved_flash_start__ == __reserved_flash_end__) || ((__reserved_flash_end__ >= __FLASH_segment_start__) && (__reserved_flash_end__ <= __FLASH_segment_end__))), error: .reserved_flash is too large to fit in FLASH memory segment)
                0x0000000000026000                __vectors_load_start__ = 0x26000

.vectors        0x0000000000026000      0x200
                0x0000000000026000                __vectors_start__ = .
 *(.vectors .vectors.*)
 .vectors       0x0000000000026000      0x200 Output/BLE_Gateway Release/Obj/ses_startup_nrf52.o
                0x0000000000026000                _vectors
                0x0000000000026200                __vectors_end__ = (__vectors_start__ + SIZEOF (.vectors))
                0x0000000000000200                __vectors_size__ = SIZEOF (.vectors)
                0x0000000000026200                __vectors_load_end__ = __vectors_end__
                0x0000000000000001                . = ASSERT (((__vectors_start__ == __vectors_end__) || ((__vectors_end__ >= __FLASH_segment_start__) && (__vectors_end__ <= __FLASH_segment_end__))), error: .vectors is too large to fit in FLASH memory segment)
                0x0000000000000001                . = ASSERT ((__reserved_flash_end__ <= __vectors_start__), error: section .reserved_flash overlaps absolute placed section .vectors)
                0x0000000000026200                __init_load_start__ = ALIGN (__vectors_end__, 0x4)

.init           0x0000000000026200      0x1d8
                0x0000000000026200                __init_start__ = .
 *(.init .init.*)
 .init          0x0000000000026200      0x160 Output/BLE_Gateway Release/Obj/thumb_crt0.o
                0x0000000000026200                _start
                0x00000000000262b6                exit
 .init          0x0000000000026360       0x18 Output/BLE_Gateway Release/Obj/ses_startup_nrf52.o
                0x0000000000026360                NMI_Handler
                0x0000000000026362                HardFault_Handler
                0x0000000000026364                MemoryManagement_Handler
                0x0000000000026366                BusFault_Handler
                0x0000000000026368                UsageFault_Handler
                0x000000000002636a                SVC_Handler
                0x000000000002636c                DebugMon_Handler
                0x000000000002636e                PendSV_Handler
                0x0000000000026370                SysTick_Handler
                0x0000000000026372                RADIO_IRQHandler
                0x0000000000026372                PDM_IRQHandler
                0x0000000000026372                TEMP_IRQHandler
                0x0000000000026372                QDEC_IRQHandler
                0x0000000000026372                TIMER3_IRQHandler
                0x0000000000026372                FPU_IRQHandler
                0x0000000000026372                RTC0_IRQHandler
                0x0000000000026372                PWM1_IRQHandler
                0x0000000000026372                TIMER4_IRQHandler
                0x0000000000026372                I2S_IRQHandler
                0x0000000000026372                SWI4_EGU4_IRQHandler
                0x0000000000026372                TIMER0_IRQHandler
                0x0000000000026372                Dummy_Handler
                0x0000000000026372                TIMER1_IRQHandler
                0x0000000000026372                PWM2_IRQHandler
                0x0000000000026372                ECB_IRQHandler
                0x0000000000026372                SPIM1_SPIS1_TWIM1_TWIS1_SPI1_TWI1_IRQHandler
                0x0000000000026372                SAADC_IRQHandler
                0x0000000000026372                CCM_AAR_IRQHandler
                0x0000000000026372                WDT_IRQHandler
                0x0000000000026372                SPIM0_SPIS0_TWIM0_TWIS0_SPI0_TWI0_IRQHandler
                0x0000000000026372                SWI5_EGU5_IRQHandler
                0x0000000000026372                RNG_IRQHandler
                0x0000000000026372                RTC2_IRQHandler
                0x0000000000026372                PWM0_IRQHandler
                0x0000000000026372                SWI3_EGU3_IRQHandler
                0x0000000000026372                SWI1_EGU1_IRQHandler
                0x0000000000026372                SPIM2_SPIS2_SPI2_IRQHandler
                0x0000000000026372                NFCT_IRQHandler
                0x0000000000026372                TIMER2_IRQHandler
                0x0000000000026372                MWU_IRQHandler
                0x0000000000026372                COMP_LPCOMP_IRQHandler
                0x0000000000026374                nRFInitialize
 .init          0x0000000000026378       0x60 Output/BLE_Gateway Release/Obj/ses_startup_nrf_common.o
                0x0000000000026378                Reset_Handler
                0x00000000000263a0                InitializeUserMemorySections
                0x00000000000263d8                __init_end__ = (__init_start__ + SIZEOF (.init))
                0x00000000000001d8                __init_size__ = SIZEOF (.init)
                0x00000000000263d8                __init_load_end__ = __init_end__
                0x0000000000000001                . = ASSERT (((__init_start__ == __init_end__) || ((__init_end__ >= __FLASH_segment_start__) && (__init_end__ <= __FLASH_segment_end__))), error: .init is too large to fit in FLASH memory segment)
                0x00000000000263d8                __init_rodata_load_start__ = ALIGN (__init_end__, 0x4)

.init_rodata    0x00000000000263d8        0x0
                0x00000000000263d8                __init_rodata_start__ = .
 *(.init_rodata .init_rodata.*)
                0x00000000000263d8                __init_rodata_end__ = (__init_rodata_start__ + SIZEOF (.init_rodata))
                0x0000000000000000                __init_rodata_size__ = SIZEOF (.init_rodata)
                0x00000000000263d8                __init_rodata_load_end__ = __init_rodata_end__
                0x0000000000000001                . = ASSERT (((__init_rodata_start__ == __init_rodata_end__) || ((__init_rodata_end__ >= __FLASH_segment_start__) && (__init_rodata_end__ <= __FLASH_segment_end__))), error: .init_rodata is too large to fit in FLASH memory segment)
                0x00000000000263d8                __text_load_start__ = ALIGN (__init_rodata_end__, 0x4)

.text           0x00000000000263d8     0x7502
                0x00000000000263d8                __text_start__ = .
 *(.text .text.* .glue_7t .glue_7 .gnu.linkonce.t.* .gcc_except_table .ARM.extab* .gnu.linkonce.armextab.*)
 .glue_7        0x00000000000263d8        0x0 linker stubs
 .glue_7t       0x00000000000263d8        0x0 linker stubs
 .text.nrf_log_backend_rtt_flush
                0x00000000000263d8        0x2 Output/BLE_Gateway Release/Obj/nrf_log_backend_rtt.o
 *fill*         0x00000000000263da        0x2 
 .text.nrf_log_backend_rtt_put
                0x00000000000263dc       0x1c Output/BLE_Gateway Release/Obj/nrf_log_backend_rtt.o
 .text.serial_tx
                0x00000000000263f8       0x50 Output/BLE_Gateway Release/Obj/nrf_log_backend_rtt.o
 .text.nrf_log_backend_rtt_panic_set
                0x0000000000026448        0x2 Output/BLE_Gateway Release/Obj/nrf_log_backend_rtt.o
 .text.nrf_log_backend_rtt_init
                0x000000000002644a        0x4 Output/BLE_Gateway Release/Obj/nrf_log_backend_rtt.o
                0x000000000002644a                nrf_log_backend_rtt_init
 .text.nrf_log_backend_serial_put
                0x000000000002644e       0xcc Output/BLE_Gateway Release/Obj/nrf_log_backend_serial.o
                0x000000000002644e                nrf_log_backend_serial_put
 *fill*         0x000000000002651a        0x2 
 .text.nrf_log_default_backends_init
                0x000000000002651c       0x20 Output/BLE_Gateway Release/Obj/nrf_log_default_backends.o
                0x000000000002651c                nrf_log_default_backends_init
 .text.invalid_packets_omit
                0x000000000002653c       0x3a Output/BLE_Gateway Release/Obj/nrf_log_frontend.o
 *fill*         0x0000000000026576        0x2 
 .text.buf_prealloc
                0x0000000000026578      0x134 Output/BLE_Gateway Release/Obj/nrf_log_frontend.o
 .text.nrf_log_init
                0x00000000000266ac       0x3c Output/BLE_Gateway Release/Obj/nrf_log_frontend.o
                0x00000000000266ac                nrf_log_init
 .text.nrf_log_module_name_get
                0x00000000000266e8       0x38 Output/BLE_Gateway Release/Obj/nrf_log_frontend.o
                0x00000000000266e8                nrf_log_module_name_get
 .text.nrf_log_color_id_get
                0x0000000000026720       0x2c Output/BLE_Gateway Release/Obj/nrf_log_frontend.o
                0x0000000000026720                nrf_log_color_id_get
 .text.buffer_is_empty
                0x000000000002674c       0x14 Output/BLE_Gateway Release/Obj/nrf_log_frontend.o
                0x000000000002674c                buffer_is_empty
 .text.nrf_log_frontend_dequeue
                0x0000000000026760      0x228 Output/BLE_Gateway Release/Obj/nrf_log_frontend.o
                0x0000000000026760                nrf_log_frontend_dequeue
 .text.std_n    0x0000000000026988       0xb0 Output/BLE_Gateway Release/Obj/nrf_log_frontend.o
 .text.nrf_log_frontend_std_0
                0x0000000000026a38        0x8 Output/BLE_Gateway Release/Obj/nrf_log_frontend.o
                0x0000000000026a38                nrf_log_frontend_std_0
 .text.nrf_log_frontend_std_1
                0x0000000000026a40       0x14 Output/BLE_Gateway Release/Obj/nrf_log_frontend.o
                0x0000000000026a40                nrf_log_frontend_std_1
 .text.nrf_log_frontend_std_2
                0x0000000000026a54       0x14 Output/BLE_Gateway Release/Obj/nrf_log_frontend.o
                0x0000000000026a54                nrf_log_frontend_std_2
 .text.nrf_log_frontend_std_3
                0x0000000000026a68       0x18 Output/BLE_Gateway Release/Obj/nrf_log_frontend.o
                0x0000000000026a68                nrf_log_frontend_std_3
 .text.nrf_log_backend_add
                0x0000000000026a80       0x44 Output/BLE_Gateway Release/Obj/nrf_log_frontend.o
                0x0000000000026a80                nrf_log_backend_add
 .text.nrf_log_panic
                0x0000000000026ac4       0x2c Output/BLE_Gateway Release/Obj/nrf_log_frontend.o
                0x0000000000026ac4                nrf_log_panic
 .text.postfix_process
                0x0000000000026af0       0x3c Output/BLE_Gateway Release/Obj/nrf_log_str_formatter.o
 .text.prefix_process
                0x0000000000026b2c       0x78 Output/BLE_Gateway Release/Obj/nrf_log_str_formatter.o
 .text.nrf_log_std_entry_process
                0x0000000000026ba4       0xc8 Output/BLE_Gateway Release/Obj/nrf_log_str_formatter.o
                0x0000000000026ba4                nrf_log_std_entry_process
 .text.nrf_log_hexdump_entry_process
                0x0000000000026c6c       0xb4 Output/BLE_Gateway Release/Obj/nrf_log_str_formatter.o
                0x0000000000026c6c                nrf_log_hexdump_entry_process
 .text.detection_delay_timeout_handler
                0x0000000000026d20      0x104 Output/BLE_Gateway Release/Obj/app_button.o
 .text.gpiote_event_handler
                0x0000000000026e24       0xa8 Output/BLE_Gateway Release/Obj/app_button.o
 .text.app_button_init
                0x0000000000026ecc       0xa8 Output/BLE_Gateway Release/Obj/app_button.o
                0x0000000000026ecc                app_button_init
 .text.app_button_enable
                0x0000000000026f74       0x2c Output/BLE_Gateway Release/Obj/app_button.o
                0x0000000000026f74                app_button_enable
 .text.app_button_disable
                0x0000000000026fa0       0x34 Output/BLE_Gateway Release/Obj/app_button.o
                0x0000000000026fa0                app_button_disable
 .text.app_error_handler_bare
                0x0000000000026fd4       0x1a Output/BLE_Gateway Release/Obj/app_error.o
                0x0000000000026fd4                app_error_handler_bare
 *fill*         0x0000000000026fee        0x2 
 .text.app_error_fault_handler
                0x0000000000026ff0       0x70 Output/BLE_Gateway Release/Obj/app_error_weak.o
                0x0000000000026ff0                app_error_fault_handler
 .text.app_fifo_init
                0x0000000000027060       0x1e Output/BLE_Gateway Release/Obj/app_fifo.o
                0x0000000000027060                app_fifo_init
 .text.app_fifo_put
                0x000000000002707e       0x24 Output/BLE_Gateway Release/Obj/app_fifo.o
                0x000000000002707e                app_fifo_put
 .text.app_fifo_get
                0x00000000000270a2       0x22 Output/BLE_Gateway Release/Obj/app_fifo.o
                0x00000000000270a2                app_fifo_get
 .text.user_op_alloc
                0x00000000000270c4       0x2c Output/BLE_Gateway Release/Obj/app_timer.o
 .text.timer_stop_op_schedule
                0x00000000000270f0       0x50 Output/BLE_Gateway Release/Obj/app_timer.o
 .text.nrfx_coredep_delay_us.constprop.3
                0x0000000000027140       0x10 Output/BLE_Gateway Release/Obj/app_timer.o
 .text.rtc1_stop
                0x0000000000027150       0x44 Output/BLE_Gateway Release/Obj/app_timer.o
 .text.RTC1_IRQHandler
                0x0000000000027194       0x9c Output/BLE_Gateway Release/Obj/app_timer.o
                0x0000000000027194                RTC1_IRQHandler
 .text.SWI0_EGU0_IRQHandler
                0x0000000000027230      0x2ac Output/BLE_Gateway Release/Obj/app_timer.o
                0x0000000000027230                SWI0_EGU0_IRQHandler
 .text.app_timer_init
                0x00000000000274dc       0x60 Output/BLE_Gateway Release/Obj/app_timer.o
                0x00000000000274dc                app_timer_init
 .text.app_timer_create
                0x000000000002753c       0x24 Output/BLE_Gateway Release/Obj/app_timer.o
                0x000000000002753c                app_timer_create
 .text.app_timer_start
                0x0000000000027560       0x88 Output/BLE_Gateway Release/Obj/app_timer.o
                0x0000000000027560                app_timer_start
 .text.app_timer_stop
                0x00000000000275e8       0x20 Output/BLE_Gateway Release/Obj/app_timer.o
                0x00000000000275e8                app_timer_stop
 .text.nrf_drv_uart_rx.constprop.0
                0x0000000000027608       0x28 Output/BLE_Gateway Release/Obj/app_uart_fifo.o
 .text.nrf_drv_uart_tx.constprop.2
                0x0000000000027630       0x28 Output/BLE_Gateway Release/Obj/app_uart_fifo.o
 .text.uart_event_handler
                0x0000000000027658       0xa8 Output/BLE_Gateway Release/Obj/app_uart_fifo.o
 .text.app_uart_init
                0x0000000000027700       0xb0 Output/BLE_Gateway Release/Obj/app_uart_fifo.o
                0x0000000000027700                app_uart_init
 .text.app_uart_get
                0x00000000000277b0       0x2c Output/BLE_Gateway Release/Obj/app_uart_fifo.o
                0x00000000000277b0                app_uart_get
 .text.app_uart_put
                0x00000000000277dc       0x50 Output/BLE_Gateway Release/Obj/app_uart_fifo.o
                0x00000000000277dc                app_uart_put
 .text.app_util_critical_region_enter
                0x000000000002782c       0x48 Output/BLE_Gateway Release/Obj/app_util_platform.o
                0x000000000002782c                app_util_critical_region_enter
 .text.app_util_critical_region_exit
                0x0000000000027874       0x2c Output/BLE_Gateway Release/Obj/app_util_platform.o
                0x0000000000027874                app_util_critical_region_exit
 .text.nrf_atfifo_init
                0x00000000000278a0       0x26 Output/BLE_Gateway Release/Obj/nrf_atfifo.o
                0x00000000000278a0                nrf_atfifo_init
 .text.nrf_atfifo_clear
                0x00000000000278c6       0x44 Output/BLE_Gateway Release/Obj/nrf_atfifo.o
                0x00000000000278c6                nrf_atfifo_clear
 .text.nrf_atfifo_item_alloc
                0x000000000002790a       0x54 Output/BLE_Gateway Release/Obj/nrf_atfifo.o
                0x000000000002790a                nrf_atfifo_item_alloc
 .text.nrf_atfifo_item_put
                0x000000000002795e       0x20 Output/BLE_Gateway Release/Obj/nrf_atfifo.o
                0x000000000002795e                nrf_atfifo_item_put
 .text.nrf_atfifo_item_get
                0x000000000002797e       0x56 Output/BLE_Gateway Release/Obj/nrf_atfifo.o
                0x000000000002797e                nrf_atfifo_item_get
 .text.nrf_atfifo_item_free
                0x00000000000279d4       0x20 Output/BLE_Gateway Release/Obj/nrf_atfifo.o
                0x00000000000279d4                nrf_atfifo_item_free
 .text.nrf_atflags_set
                0x00000000000279f4       0x12 Output/BLE_Gateway Release/Obj/nrf_atflags.o
                0x00000000000279f4                nrf_atflags_set
 .text.nrf_atflags_clear
                0x0000000000027a06       0x14 Output/BLE_Gateway Release/Obj/nrf_atflags.o
                0x0000000000027a06                nrf_atflags_clear
 .text.nrf_atflags_get
                0x0000000000027a1a       0x12 Output/BLE_Gateway Release/Obj/nrf_atflags.o
                0x0000000000027a1a                nrf_atflags_get
 .text.nrf_atomic_u32_fetch_store
                0x0000000000027a2c       0x14 Output/BLE_Gateway Release/Obj/nrf_atomic.o
                0x0000000000027a2c                nrf_atomic_u32_fetch_store
 .text.nrf_atomic_u32_fetch_or
                0x0000000000027a40       0x16 Output/BLE_Gateway Release/Obj/nrf_atomic.o
                0x0000000000027a40                nrf_atomic_u32_fetch_or
 .text.nrf_atomic_u32_or
                0x0000000000027a56       0x16 Output/BLE_Gateway Release/Obj/nrf_atomic.o
                0x0000000000027a56                nrf_atomic_u32_or
 .text.nrf_atomic_u32_fetch_and
                0x0000000000027a6c       0x16 Output/BLE_Gateway Release/Obj/nrf_atomic.o
                0x0000000000027a6c                nrf_atomic_u32_fetch_and
 .text.nrf_atomic_u32_and
                0x0000000000027a82       0x16 Output/BLE_Gateway Release/Obj/nrf_atomic.o
                0x0000000000027a82                nrf_atomic_u32_and
 .text.nrf_atomic_u32_fetch_add
                0x0000000000027a98       0x16 Output/BLE_Gateway Release/Obj/nrf_atomic.o
                0x0000000000027a98                nrf_atomic_u32_fetch_add
 .text.nrf_atomic_u32_add
                0x0000000000027aae       0x16 Output/BLE_Gateway Release/Obj/nrf_atomic.o
                0x0000000000027aae                nrf_atomic_u32_add
 .text.nrf_atomic_u32_sub
                0x0000000000027ac4       0x16 Output/BLE_Gateway Release/Obj/nrf_atomic.o
                0x0000000000027ac4                nrf_atomic_u32_sub
 .text.nrf_atomic_flag_set_fetch
                0x0000000000027ada        0x6 Output/BLE_Gateway Release/Obj/nrf_atomic.o
                0x0000000000027ada                nrf_atomic_flag_set_fetch
 .text.nrf_atomic_flag_set
                0x0000000000027ae0        0x6 Output/BLE_Gateway Release/Obj/nrf_atomic.o
                0x0000000000027ae0                nrf_atomic_flag_set
 .text.nrf_atomic_flag_clear_fetch
                0x0000000000027ae6        0x6 Output/BLE_Gateway Release/Obj/nrf_atomic.o
                0x0000000000027ae6                nrf_atomic_flag_clear_fetch
 .text.nrf_balloc_init
                0x0000000000027aec       0x2e Output/BLE_Gateway Release/Obj/nrf_balloc.o
                0x0000000000027aec                nrf_balloc_init
 .text.nrf_balloc_alloc
                0x0000000000027b1a       0x46 Output/BLE_Gateway Release/Obj/nrf_balloc.o
                0x0000000000027b1a                nrf_balloc_alloc
 .text.nrf_balloc_free
                0x0000000000027b60       0x32 Output/BLE_Gateway Release/Obj/nrf_balloc.o
                0x0000000000027b60                nrf_balloc_free
 .text.nrf_fprintf_buffer_flush
                0x0000000000027b92       0x16 Output/BLE_Gateway Release/Obj/nrf_fprintf.o
                0x0000000000027b92                nrf_fprintf_buffer_flush
 .text.nrf_fprintf
                0x0000000000027ba8       0x1e Output/BLE_Gateway Release/Obj/nrf_fprintf.o
                0x0000000000027ba8                nrf_fprintf
 .text.buffer_add
                0x0000000000027bc6       0x2e Output/BLE_Gateway Release/Obj/nrf_fprintf_format.o
 .text.unsigned_print
                0x0000000000027bf4       0xac Output/BLE_Gateway Release/Obj/nrf_fprintf_format.o
 .text.nrf_fprintf_fmt
                0x0000000000027ca0      0x28a Output/BLE_Gateway Release/Obj/nrf_fprintf_format.o
                0x0000000000027ca0                nrf_fprintf_fmt
 .text.memobj_op
                0x0000000000027f2a       0x82 Output/BLE_Gateway Release/Obj/nrf_memobj.o
 .text.nrf_memobj_pool_init
                0x0000000000027fac        0x4 Output/BLE_Gateway Release/Obj/nrf_memobj.o
                0x0000000000027fac                nrf_memobj_pool_init
 .text.nrf_memobj_free
                0x0000000000027fb0       0x2c Output/BLE_Gateway Release/Obj/nrf_memobj.o
                0x0000000000027fb0                nrf_memobj_free
 .text.nrf_memobj_alloc
                0x0000000000027fdc       0x5e Output/BLE_Gateway Release/Obj/nrf_memobj.o
                0x0000000000027fdc                nrf_memobj_alloc
 .text.nrf_memobj_get
                0x000000000002803a        0x8 Output/BLE_Gateway Release/Obj/nrf_memobj.o
                0x000000000002803a                nrf_memobj_get
 .text.nrf_memobj_put
                0x0000000000028042       0x1e Output/BLE_Gateway Release/Obj/nrf_memobj.o
                0x0000000000028042                nrf_memobj_put
 .text.nrf_memobj_write
                0x0000000000028060       0x16 Output/BLE_Gateway Release/Obj/nrf_memobj.o
                0x0000000000028060                nrf_memobj_write
 .text.nrf_memobj_read
                0x0000000000028076       0x16 Output/BLE_Gateway Release/Obj/nrf_memobj.o
                0x0000000000028076                nrf_memobj_read
 .text.sd_app_evt_wait
                0x000000000002808c        0x4 Output/BLE_Gateway Release/Obj/nrf_pwr_mgmt.o
 .text.nrf_pwr_mgmt_init
                0x0000000000028090       0x2c Output/BLE_Gateway Release/Obj/nrf_pwr_mgmt.o
                0x0000000000028090                nrf_pwr_mgmt_init
 .text.nrf_pwr_mgmt_run
                0x00000000000280bc       0x4c Output/BLE_Gateway Release/Obj/nrf_pwr_mgmt.o
                0x00000000000280bc                nrf_pwr_mgmt_run
 .text.nrf_ringbuf_init
                0x0000000000028108       0x12 Output/BLE_Gateway Release/Obj/nrf_ringbuf.o
                0x0000000000028108                nrf_ringbuf_init
 .text.nrf_section_iter_init
                0x000000000002811a       0x14 Output/BLE_Gateway Release/Obj/nrf_section_iter.o
                0x000000000002811a                nrf_section_iter_init
 .text.nrf_section_iter_next
                0x000000000002812e       0x18 Output/BLE_Gateway Release/Obj/nrf_section_iter.o
                0x000000000002812e                nrf_section_iter_next
 *fill*         0x0000000000028146        0x2 
 .text.nrf_strerror_find
                0x0000000000028148       0x3c Output/BLE_Gateway Release/Obj/nrf_strerror.o
                0x0000000000028148                nrf_strerror_find
 .text.nrf_strerror_get
                0x0000000000028184       0x14 Output/BLE_Gateway Release/Obj/nrf_strerror.o
                0x0000000000028184                nrf_strerror_get
 .text.event_send
                0x0000000000028198       0x20 Output/BLE_Gateway Release/Obj/fds.o
 .text.write_space_reserve
                0x00000000000281b8       0x5c Output/BLE_Gateway Release/Obj/fds.o
 .text.gc_page_erase
                0x0000000000028214       0x40 Output/BLE_Gateway Release/Obj/fds.o
 .text.page_tag_write_swap
                0x0000000000028254       0x28 Output/BLE_Gateway Release/Obj/fds.o
 .text.page_tag_write_data
                0x000000000002827c       0x20 Output/BLE_Gateway Release/Obj/fds.o
 .text.record_header_flag_dirty
                0x000000000002829c       0x38 Output/BLE_Gateway Release/Obj/fds.o
 .text.gc_record_copy
                0x00000000000282d4       0x38 Output/BLE_Gateway Release/Obj/fds.o
 .text.queue_buf_get
                0x000000000002830c       0x1c Output/BLE_Gateway Release/Obj/fds.o
 .text.header_check
                0x0000000000028328       0x28 Output/BLE_Gateway Release/Obj/fds.o
 .text.page_scan
                0x0000000000028350       0x6c Output/BLE_Gateway Release/Obj/fds.o
 .text.record_find_next
                0x00000000000283bc       0x58 Output/BLE_Gateway Release/Obj/fds.o
 .text.record_find_by_desc
                0x0000000000028414       0xac Output/BLE_Gateway Release/Obj/fds.o
 .text.record_find
                0x00000000000284c0       0x8c Output/BLE_Gateway Release/Obj/fds.o
 .text.gc_record_find_next
                0x000000000002854c       0x24 Output/BLE_Gateway Release/Obj/fds.o
 .text.queue_process
                0x0000000000028570      0x4c0 Output/BLE_Gateway Release/Obj/fds.o
 .text.fs_event_handler
                0x0000000000028a30        0x6 Output/BLE_Gateway Release/Obj/fds.o
 *fill*         0x0000000000028a36        0x2 
 .text.queue_start
                0x0000000000028a38       0x1c Output/BLE_Gateway Release/Obj/fds.o
 .text.write_enqueue
                0x0000000000028a54       0xf0 Output/BLE_Gateway Release/Obj/fds.o
 .text.fds_register
                0x0000000000028b44       0x2c Output/BLE_Gateway Release/Obj/fds.o
                0x0000000000028b44                fds_register
 .text.fds_init
                0x0000000000028b70      0x238 Output/BLE_Gateway Release/Obj/fds.o
                0x0000000000028b70                fds_init
 .text.fds_record_open
                0x0000000000028da8       0x48 Output/BLE_Gateway Release/Obj/fds.o
                0x0000000000028da8                fds_record_open
 .text.fds_record_close
                0x0000000000028df0       0x44 Output/BLE_Gateway Release/Obj/fds.o
                0x0000000000028df0                fds_record_close
 .text.fds_record_write
                0x0000000000028e34        0x8 Output/BLE_Gateway Release/Obj/fds.o
                0x0000000000028e34                fds_record_write
 .text.fds_record_update
                0x0000000000028e3c        0xe Output/BLE_Gateway Release/Obj/fds.o
                0x0000000000028e3c                fds_record_update
 .text.fds_record_find
                0x0000000000028e4a       0x1c Output/BLE_Gateway Release/Obj/fds.o
                0x0000000000028e4a                fds_record_find
 .text.sd_flash_write
                0x0000000000028e66        0x4 Output/BLE_Gateway Release/Obj/nrf_fstorage_sd.o
 .text.sd_flash_page_erase
                0x0000000000028e6a        0x4 Output/BLE_Gateway Release/Obj/nrf_fstorage_sd.o
 .text.event_send
                0x0000000000028e6e       0x50 Output/BLE_Gateway Release/Obj/nrf_fstorage_sd.o
 .text.rmap     0x0000000000028ebe        0x4 Output/BLE_Gateway Release/Obj/nrf_fstorage_sd.o
 .text.wmap     0x0000000000028ec2        0x4 Output/BLE_Gateway Release/Obj/nrf_fstorage_sd.o
 *fill*         0x0000000000028ec6        0x2 
 .text.is_busy  0x0000000000028ec8       0x10 Output/BLE_Gateway Release/Obj/nrf_fstorage_sd.o
 .text.nrf_fstorage_sdh_req_handler
                0x0000000000028ed8       0x14 Output/BLE_Gateway Release/Obj/nrf_fstorage_sd.o
                0x0000000000028ed8                nrf_fstorage_sdh_req_handler
 .text.read     0x0000000000028eec        0xe Output/BLE_Gateway Release/Obj/nrf_fstorage_sd.o
 *fill*         0x0000000000028efa        0x2 
 .text.uninit   0x0000000000028efc       0x20 Output/BLE_Gateway Release/Obj/nrf_fstorage_sd.o
 .text.init     0x0000000000028f1c       0x38 Output/BLE_Gateway Release/Obj/nrf_fstorage_sd.o
 .text.queue_process
                0x0000000000028f54       0xa4 Output/BLE_Gateway Release/Obj/nrf_fstorage_sd.o
 .text.nrf_fstorage_sys_evt_handler
                0x0000000000028ff8       0xa8 Output/BLE_Gateway Release/Obj/nrf_fstorage_sd.o
                0x0000000000028ff8                nrf_fstorage_sys_evt_handler
 .text.nrf_fstorage_sdh_state_handler
                0x00000000000290a0       0x20 Output/BLE_Gateway Release/Obj/nrf_fstorage_sd.o
                0x00000000000290a0                nrf_fstorage_sdh_state_handler
 .text.queue_start
                0x00000000000290c0       0x20 Output/BLE_Gateway Release/Obj/nrf_fstorage_sd.o
 .text.erase    0x00000000000290e0       0x4c Output/BLE_Gateway Release/Obj/nrf_fstorage_sd.o
 .text.write    0x000000000002912c       0x50 Output/BLE_Gateway Release/Obj/nrf_fstorage_sd.o
 .text.nrf_fstorage_init
                0x000000000002917c       0x68 Output/BLE_Gateway Release/Obj/nrf_fstorage.o
                0x000000000002917c                nrf_fstorage_init
 .text.nrf_fstorage_write
                0x00000000000291e4      0x12c Output/BLE_Gateway Release/Obj/nrf_fstorage.o
                0x00000000000291e4                nrf_fstorage_write
 .text.nrf_fstorage_erase
                0x0000000000029310       0xd4 Output/BLE_Gateway Release/Obj/nrf_fstorage.o
                0x0000000000029310                nrf_fstorage_erase
 .text.errata_12
                0x00000000000293e4       0x40 Output/BLE_Gateway Release/Obj/system_nrf52.o
 .text.errata_16
                0x0000000000029424       0x34 Output/BLE_Gateway Release/Obj/system_nrf52.o
 .text.SystemInit
                0x0000000000029458      0x25c Output/BLE_Gateway Release/Obj/system_nrf52.o
                0x0000000000029458                SystemInit
 .text.bsp_board_led_state_get
                0x00000000000296b4       0x1c Output/BLE_Gateway Release/Obj/boards.o
                0x00000000000296b4                bsp_board_led_state_get
 .text.bsp_board_led_on
                0x00000000000296d0       0x18 Output/BLE_Gateway Release/Obj/boards.o
                0x00000000000296d0                bsp_board_led_on
 .text.bsp_board_led_off
                0x00000000000296e8       0x18 Output/BLE_Gateway Release/Obj/boards.o
                0x00000000000296e8                bsp_board_led_off
 .text.bsp_board_leds_off
                0x0000000000029700       0x1e Output/BLE_Gateway Release/Obj/boards.o
                0x0000000000029700                bsp_board_leds_off
 .text.bsp_board_leds_on
                0x000000000002971e       0x1e Output/BLE_Gateway Release/Obj/boards.o
                0x000000000002971e                bsp_board_leds_on
 .text.bsp_board_led_invert
                0x000000000002973c       0x24 Output/BLE_Gateway Release/Obj/boards.o
                0x000000000002973c                bsp_board_led_invert
 .text.bsp_board_button_state_get
                0x0000000000029760       0x1c Output/BLE_Gateway Release/Obj/boards.o
                0x0000000000029760                bsp_board_button_state_get
 .text.bsp_board_pin_to_button_idx
                0x000000000002977c       0x24 Output/BLE_Gateway Release/Obj/boards.o
                0x000000000002977c                bsp_board_pin_to_button_idx
 .text.bsp_board_button_idx_to_pin
                0x00000000000297a0        0xc Output/BLE_Gateway Release/Obj/boards.o
                0x00000000000297a0                bsp_board_button_idx_to_pin
 .text.bsp_board_init
                0x00000000000297ac       0x3e Output/BLE_Gateway Release/Obj/boards.o
                0x00000000000297ac                bsp_board_init
 *fill*         0x00000000000297ea        0x2 
 .text.clock_clk_started_notify
                0x00000000000297ec       0x28 Output/BLE_Gateway Release/Obj/nrf_drv_clock.o
 .text.clock_irq_handler
                0x0000000000029814       0x1c Output/BLE_Gateway Release/Obj/nrf_drv_clock.o
 .text.soc_evt_handler
                0x0000000000029830       0x14 Output/BLE_Gateway Release/Obj/nrf_drv_clock.o
 .text.nrf_drv_clock_init
                0x0000000000029844       0x38 Output/BLE_Gateway Release/Obj/nrf_drv_clock.o
                0x0000000000029844                nrf_drv_clock_init
 .text.nrf_drv_clock_lfclk_release
                0x000000000002987c       0x30 Output/BLE_Gateway Release/Obj/nrf_drv_clock.o
                0x000000000002987c                nrf_drv_clock_lfclk_release
 .text.sd_state_evt_handler
                0x00000000000298ac       0x58 Output/BLE_Gateway Release/Obj/nrf_drv_clock.o
 .text.uarte_evt_handler
                0x0000000000029904       0x34 Output/BLE_Gateway Release/Obj/nrf_drv_uart.o
 .text.uart_evt_handler
                0x0000000000029938       0x34 Output/BLE_Gateway Release/Obj/nrf_drv_uart.o
 .text.nrf_drv_uart_init
                0x000000000002996c       0x7c Output/BLE_Gateway Release/Obj/nrf_drv_uart.o
                0x000000000002996c                nrf_drv_uart_init
 .text.nrfx_clock_init
                0x00000000000299e8       0x1c Output/BLE_Gateway Release/Obj/nrfx_clock.o
                0x00000000000299e8                nrfx_clock_init
 .text.nrfx_clock_enable
                0x0000000000029a04       0x24 Output/BLE_Gateway Release/Obj/nrfx_clock.o
                0x0000000000029a04                nrfx_clock_enable
 .text.nrfx_clock_lfclk_stop
                0x0000000000029a28       0x18 Output/BLE_Gateway Release/Obj/nrfx_clock.o
                0x0000000000029a28                nrfx_clock_lfclk_stop
 .text.POWER_CLOCK_IRQHandler
                0x0000000000029a40       0x64 Output/BLE_Gateway Release/Obj/nrfx_clock.o
                0x0000000000029a40                POWER_CLOCK_IRQHandler
 .text.nrf_gpiote_event_clear
                0x0000000000029aa4       0x18 Output/BLE_Gateway Release/Obj/nrfx_gpiote.o
 .text.nrf_gpio_cfg_sense_set
                0x0000000000029abc       0x20 Output/BLE_Gateway Release/Obj/nrfx_gpiote.o
 .text.channel_free
                0x0000000000029adc       0x1c Output/BLE_Gateway Release/Obj/nrfx_gpiote.o
 .text.nrfx_gpiote_init
                0x0000000000029af8       0x6c Output/BLE_Gateway Release/Obj/nrfx_gpiote.o
                0x0000000000029af8                nrfx_gpiote_init
 .text.nrfx_gpiote_is_init
                0x0000000000029b64       0x14 Output/BLE_Gateway Release/Obj/nrfx_gpiote.o
                0x0000000000029b64                nrfx_gpiote_is_init
 .text.nrfx_gpiote_in_init
                0x0000000000029b78       0xf0 Output/BLE_Gateway Release/Obj/nrfx_gpiote.o
                0x0000000000029b78                nrfx_gpiote_in_init
 .text.nrfx_gpiote_in_event_enable
                0x0000000000029c68       0x8c Output/BLE_Gateway Release/Obj/nrfx_gpiote.o
                0x0000000000029c68                nrfx_gpiote_in_event_enable
 .text.nrfx_gpiote_in_event_disable
                0x0000000000029cf4       0x44 Output/BLE_Gateway Release/Obj/nrfx_gpiote.o
                0x0000000000029cf4                nrfx_gpiote_in_event_disable
 .text.nrfx_gpiote_in_is_set
                0x0000000000029d38       0x12 Output/BLE_Gateway Release/Obj/nrfx_gpiote.o
                0x0000000000029d38                nrfx_gpiote_in_is_set
 *fill*         0x0000000000029d4a        0x2 
 .text.GPIOTE_IRQHandler
                0x0000000000029d4c      0x17c Output/BLE_Gateway Release/Obj/nrfx_gpiote.o
                0x0000000000029d4c                GPIOTE_IRQHandler
 .text.UARTE0_UART0_IRQHandler
                0x0000000000029ec8        0xc Output/BLE_Gateway Release/Obj/nrfx_prs.o
                0x0000000000029ec8                UARTE0_UART0_IRQHandler
 .text.nrfx_prs_acquire
                0x0000000000029ed4       0x40 Output/BLE_Gateway Release/Obj/nrfx_prs.o
                0x0000000000029ed4                nrfx_prs_acquire
 .text.nrf_uart_event_clear
                0x0000000000029f14       0x10 Output/BLE_Gateway Release/Obj/nrfx_uart.o
 .text.tx_byte  0x0000000000029f24       0x1e Output/BLE_Gateway Release/Obj/nrfx_uart.o
 .text.rx_enable.isra.5
                0x0000000000029f42       0x20 Output/BLE_Gateway Release/Obj/nrfx_uart.o
 .text.rx_byte  0x0000000000029f62       0x2c Output/BLE_Gateway Release/Obj/nrfx_uart.o
 *fill*         0x0000000000029f8e        0x2 
 .text.rx_done_event.constprop.8
                0x0000000000029f90       0x20 Output/BLE_Gateway Release/Obj/nrfx_uart.o
 .text.nrfx_uart_0_irq_handler
                0x0000000000029fb0      0x13c Output/BLE_Gateway Release/Obj/nrfx_uart.o
                0x0000000000029fb0                nrfx_uart_0_irq_handler
 .text.nrfx_uart_init
                0x000000000002a0ec      0x174 Output/BLE_Gateway Release/Obj/nrfx_uart.o
                0x000000000002a0ec                nrfx_uart_init
 .text.nrfx_uart_tx
                0x000000000002a260       0x94 Output/BLE_Gateway Release/Obj/nrfx_uart.o
                0x000000000002a260                nrfx_uart_tx
 .text.nrfx_uart_tx_in_progress
                0x000000000002a2f4       0x18 Output/BLE_Gateway Release/Obj/nrfx_uart.o
                0x000000000002a2f4                nrfx_uart_tx_in_progress
 .text.nrfx_uart_rx
                0x000000000002a30c       0xec Output/BLE_Gateway Release/Obj/nrfx_uart.o
                0x000000000002a30c                nrfx_uart_rx
 .text.nrf_uarte_event_clear
                0x000000000002a3f8       0x10 Output/BLE_Gateway Release/Obj/nrfx_uarte.o
 .text.rx_done_event.constprop.7
                0x000000000002a408       0x20 Output/BLE_Gateway Release/Obj/nrfx_uarte.o
 .text.nrfx_uarte_0_irq_handler
                0x000000000002a428       0xe8 Output/BLE_Gateway Release/Obj/nrfx_uarte.o
                0x000000000002a428                nrfx_uarte_0_irq_handler
 .text.nrfx_uarte_init
                0x000000000002a510      0x184 Output/BLE_Gateway Release/Obj/nrfx_uarte.o
                0x000000000002a510                nrfx_uarte_init
 .text.nrfx_uarte_tx
                0x000000000002a694       0x88 Output/BLE_Gateway Release/Obj/nrfx_uarte.o
                0x000000000002a694                nrfx_uarte_tx
 .text.nrfx_uarte_tx_in_progress
                0x000000000002a71c       0x18 Output/BLE_Gateway Release/Obj/nrfx_uarte.o
                0x000000000002a71c                nrfx_uarte_tx_in_progress
 .text.nrfx_uarte_rx
                0x000000000002a734       0xd8 Output/BLE_Gateway Release/Obj/nrfx_uarte.o
                0x000000000002a734                nrfx_uarte_rx
 .text.alert_timer_handler
                0x000000000002a80c        0x6 Output/BLE_Gateway Release/Obj/bsp.o
 *fill*         0x000000000002a812        0x2 
 .text.bsp_button_event_handler
                0x000000000002a814       0x9c Output/BLE_Gateway Release/Obj/bsp.o
 .text.button_timer_handler
                0x000000000002a8b0        0x8 Output/BLE_Gateway Release/Obj/bsp.o
 .text.leds_off
                0x000000000002a8b8       0x2c Output/BLE_Gateway Release/Obj/bsp.o
 .text.bsp_led_indication
                0x000000000002a8e4      0x204 Output/BLE_Gateway Release/Obj/bsp.o
 .text.leds_timer_handler
                0x000000000002aae8       0x1c Output/BLE_Gateway Release/Obj/bsp.o
 .text.bsp_button_is_pressed
                0x000000000002ab04        0xc Output/BLE_Gateway Release/Obj/bsp.o
                0x000000000002ab04                bsp_button_is_pressed
 .text.bsp_indication_set
                0x000000000002ab10       0x18 Output/BLE_Gateway Release/Obj/bsp.o
                0x000000000002ab10                bsp_indication_set
 .text.bsp_init
                0x000000000002ab28       0x9c Output/BLE_Gateway Release/Obj/bsp.o
                0x000000000002ab28                bsp_init
 .text.bsp_event_to_button_action_assign
                0x000000000002abc4       0x4c Output/BLE_Gateway Release/Obj/bsp.o
                0x000000000002abc4                bsp_event_to_button_action_assign
 .text.bsp_wakeup_button_enable
                0x000000000002ac10       0x30 Output/BLE_Gateway Release/Obj/bsp.o
                0x000000000002ac10                bsp_wakeup_button_enable
 .text.advertising_buttons_configure
                0x000000000002ac40       0x36 Output/BLE_Gateway Release/Obj/bsp_btn_ble.o
 *fill*         0x000000000002ac76        0x2 
 .text.ble_evt_handler
                0x000000000002ac78       0x80 Output/BLE_Gateway Release/Obj/bsp_btn_ble.o
 .text.bsp_btn_ble_sleep_mode_prepare
                0x000000000002acf8       0x1e Output/BLE_Gateway Release/Obj/bsp_btn_ble.o
                0x000000000002acf8                bsp_btn_ble_sleep_mode_prepare
 *fill*         0x000000000002ad16        0x2 
 .text.bsp_btn_ble_init
                0x000000000002ad18       0x40 Output/BLE_Gateway Release/Obj/bsp_btn_ble.o
                0x000000000002ad18                bsp_btn_ble_init
 .text._GetAvailWriteSpace
                0x000000000002ad58       0x1c Output/BLE_Gateway Release/Obj/SEGGER_RTT.o
 .text._WriteNoCheck
                0x000000000002ad74       0x3a Output/BLE_Gateway Release/Obj/SEGGER_RTT.o
 .text._WriteBlocking
                0x000000000002adae       0x52 Output/BLE_Gateway Release/Obj/SEGGER_RTT.o
 .text._DoInit  0x000000000002ae00       0x60 Output/BLE_Gateway Release/Obj/SEGGER_RTT.o
 .text.SEGGER_RTT_WriteNoLock
                0x000000000002ae60       0x68 Output/BLE_Gateway Release/Obj/SEGGER_RTT.o
                0x000000000002ae60                SEGGER_RTT_WriteNoLock
 .text.SEGGER_RTT_Init
                0x000000000002aec8        0x4 Output/BLE_Gateway Release/Obj/SEGGER_RTT.o
                0x000000000002aec8                SEGGER_RTT_Init
 .text.sd_ble_gap_addr_get
                0x000000000002aecc        0x4 Output/BLE_Gateway Release/Obj/ble_advdata.o
 .text.sd_ble_gap_appearance_get
                0x000000000002aed0        0x4 Output/BLE_Gateway Release/Obj/ble_advdata.o
 .text.sd_ble_gap_device_name_get
                0x000000000002aed4        0x4 Output/BLE_Gateway Release/Obj/ble_advdata.o
 .text.sd_ble_uuid_encode
                0x000000000002aed8        0x4 Output/BLE_Gateway Release/Obj/ble_advdata.o
 .text.uuid_list_sized_encode
                0x000000000002aedc       0xa4 Output/BLE_Gateway Release/Obj/ble_advdata.o
 .text.uuid_list_encode
                0x000000000002af80       0x34 Output/BLE_Gateway Release/Obj/ble_advdata.o
 .text.ble_advdata_encode
                0x000000000002afb4      0x392 Output/BLE_Gateway Release/Obj/ble_advdata.o
                0x000000000002afb4                ble_advdata_encode
 .text.ble_advdata_search
                0x000000000002b346       0x38 Output/BLE_Gateway Release/Obj/ble_advdata.o
                0x000000000002b346                ble_advdata_search
 .text.ble_advdata_parse
                0x000000000002b37e       0x20 Output/BLE_Gateway Release/Obj/ble_advdata.o
                0x000000000002b37e                ble_advdata_parse
 .text.sd_ble_gap_adv_set_configure
                0x000000000002b39e        0x4 Output/BLE_Gateway Release/Obj/ble_advertising.o
 .text.sd_ble_gap_adv_start
                0x000000000002b3a2        0x4 Output/BLE_Gateway Release/Obj/ble_advertising.o
 .text.sd_ble_gap_adv_stop
                0x000000000002b3a6        0x4 Output/BLE_Gateway Release/Obj/ble_advertising.o
 .text.flags_set
                0x000000000002b3aa       0x2c Output/BLE_Gateway Release/Obj/ble_advertising.o
 .text.ble_advertising_start
                0x000000000002b3d6      0x21c Output/BLE_Gateway Release/Obj/ble_advertising.o
                0x000000000002b3d6                ble_advertising_start
 .text.ble_advertising_on_ble_evt
                0x000000000002b5f2       0x6a Output/BLE_Gateway Release/Obj/ble_advertising.o
                0x000000000002b5f2                ble_advertising_on_ble_evt
 .text.ble_advertising_on_sys_evt
                0x000000000002b65c        0x2 Output/BLE_Gateway Release/Obj/ble_advertising.o
                0x000000000002b65c                ble_advertising_on_sys_evt
 .text.ble_advertising_restart_without_whitelist
                0x000000000002b65e       0x3c Output/BLE_Gateway Release/Obj/ble_advertising.o
                0x000000000002b65e                ble_advertising_restart_without_whitelist
 .text.sd_ble_gap_conn_param_update
                0x000000000002b69a        0x4 Output/BLE_Gateway Release/Obj/ble_conn_params.o
 .text.sd_ble_gap_disconnect
                0x000000000002b69e        0x4 Output/BLE_Gateway Release/Obj/ble_conn_params.o
 .text.sd_ble_gap_ppcp_set
                0x000000000002b6a2        0x4 Output/BLE_Gateway Release/Obj/ble_conn_params.o
 .text.sd_ble_gap_ppcp_get
                0x000000000002b6a6        0x4 Output/BLE_Gateway Release/Obj/ble_conn_params.o
 *fill*         0x000000000002b6aa        0x2 
 .text.instance_get
                0x000000000002b6ac       0x24 Output/BLE_Gateway Release/Obj/ble_conn_params.o
 .text.send_error_evt
                0x000000000002b6d0       0x10 Output/BLE_Gateway Release/Obj/ble_conn_params.o
 .text.update_timeout_handler
                0x000000000002b6e0       0x6c Output/BLE_Gateway Release/Obj/ble_conn_params.o
 .text.conn_params_negotiation
                0x000000000002b74c       0x48 Output/BLE_Gateway Release/Obj/ble_conn_params.o
 .text.is_conn_params_ok.constprop.3
                0x000000000002b794       0x3c Output/BLE_Gateway Release/Obj/ble_conn_params.o
 .text.ble_evt_handler
                0x000000000002b7d0       0xe4 Output/BLE_Gateway Release/Obj/ble_conn_params.o
 .text.ble_conn_params_init
                0x000000000002b8b4       0x8c Output/BLE_Gateway Release/Obj/ble_conn_params.o
                0x000000000002b8b4                ble_conn_params_init
 .text.conn_handle_list_get
                0x000000000002b940       0x2e Output/BLE_Gateway Release/Obj/ble_conn_state.o
                0x000000000002b940                conn_handle_list_get
 *fill*         0x000000000002b96e        0x2 
 .text.ble_evt_handler
                0x000000000002b970       0xd8 Output/BLE_Gateway Release/Obj/ble_conn_state.o
 .text.active_flag_count
                0x000000000002ba48       0x24 Output/BLE_Gateway Release/Obj/ble_conn_state.o
                0x000000000002ba48                active_flag_count
 .text.ble_conn_state_valid
                0x000000000002ba6c       0x14 Output/BLE_Gateway Release/Obj/ble_conn_state.o
                0x000000000002ba6c                ble_conn_state_valid
 .text.ble_conn_state_peripheral_conn_count
                0x000000000002ba80       0x24 Output/BLE_Gateway Release/Obj/ble_conn_state.o
                0x000000000002ba80                ble_conn_state_peripheral_conn_count
 .text.ble_conn_state_periph_handles
                0x000000000002baa4       0x28 Output/BLE_Gateway Release/Obj/ble_conn_state.o
                0x000000000002baa4                ble_conn_state_periph_handles
 .text.ble_conn_state_conn_idx
                0x000000000002bacc       0x12 Output/BLE_Gateway Release/Obj/ble_conn_state.o
                0x000000000002bacc                ble_conn_state_conn_idx
 .text.blcm_link_ctx_get
                0x000000000002bade       0x4e Output/BLE_Gateway Release/Obj/ble_link_ctx_manager.o
                0x000000000002bade                blcm_link_ctx_get
 .text.sd_ble_gatts_characteristic_add
                0x000000000002bb2c        0x4 Output/BLE_Gateway Release/Obj/ble_srv_common.o
 .text.set_security_req
                0x000000000002bb30       0x2a Output/BLE_Gateway Release/Obj/ble_srv_common.o
 .text.ble_srv_is_notification_enabled
                0x000000000002bb5a        0x8 Output/BLE_Gateway Release/Obj/ble_srv_common.o
                0x000000000002bb5a                ble_srv_is_notification_enabled
 .text.characteristic_add
                0x000000000002bb62      0x146 Output/BLE_Gateway Release/Obj/ble_srv_common.o
                0x000000000002bb62                characteristic_add
 .text.sd_ble_gap_data_length_update
                0x000000000002bca8        0x4 Output/BLE_Gateway Release/Obj/nrf_ble_gatt.o
 .text.sd_ble_gattc_exchange_mtu_request
                0x000000000002bcac        0x4 Output/BLE_Gateway Release/Obj/nrf_ble_gatt.o
 .text.sd_ble_gatts_exchange_mtu_reply
                0x000000000002bcb0        0x4 Output/BLE_Gateway Release/Obj/nrf_ble_gatt.o
 .text.data_length_update
                0x000000000002bcb4       0x7c Output/BLE_Gateway Release/Obj/nrf_ble_gatt.o
 .text.nrf_ble_gatt_init
                0x000000000002bd30       0x36 Output/BLE_Gateway Release/Obj/nrf_ble_gatt.o
                0x000000000002bd30                nrf_ble_gatt_init
 .text.nrf_ble_gatt_att_mtu_periph_set
                0x000000000002bd66       0x18 Output/BLE_Gateway Release/Obj/nrf_ble_gatt.o
                0x000000000002bd66                nrf_ble_gatt_att_mtu_periph_set
 *fill*         0x000000000002bd7e        0x2 
 .text.nrf_ble_gatt_on_ble_evt
                0x000000000002bd80      0x1cc Output/BLE_Gateway Release/Obj/nrf_ble_gatt.o
                0x000000000002bd80                nrf_ble_gatt_on_ble_evt
 .text.sd_ble_gatts_rw_authorize_reply
                0x000000000002bf4c        0x4 Output/BLE_Gateway Release/Obj/nrf_ble_qwr.o
 .text.sd_ble_user_mem_reply
                0x000000000002bf50        0x4 Output/BLE_Gateway Release/Obj/nrf_ble_qwr.o
 .text.user_mem_reply.part.0
                0x000000000002bf54       0x24 Output/BLE_Gateway Release/Obj/nrf_ble_qwr.o
 .text.nrf_ble_qwr_init
                0x000000000002bf78       0x24 Output/BLE_Gateway Release/Obj/nrf_ble_qwr.o
                0x000000000002bf78                nrf_ble_qwr_init
 .text.nrf_ble_qwr_conn_handle_assign
                0x000000000002bf9c       0x16 Output/BLE_Gateway Release/Obj/nrf_ble_qwr.o
                0x000000000002bf9c                nrf_ble_qwr_conn_handle_assign
 .text.nrf_ble_qwr_on_ble_evt
                0x000000000002bfb2       0xa0 Output/BLE_Gateway Release/Obj/nrf_ble_qwr.o
                0x000000000002bfb2                nrf_ble_qwr_on_ble_evt
 .text.sd_ble_gatts_service_add
                0x000000000002c052        0x4 Output/BLE_Gateway Release/Obj/ble_nus.o
 .text.sd_ble_gatts_value_get
                0x000000000002c056        0x4 Output/BLE_Gateway Release/Obj/ble_nus.o
 .text.sd_ble_gatts_hvx
                0x000000000002c05a        0x4 Output/BLE_Gateway Release/Obj/ble_nus.o
 .text.sd_ble_uuid_vs_add
                0x000000000002c05e        0x4 Output/BLE_Gateway Release/Obj/ble_nus.o
 .text.ble_nus_on_ble_evt
                0x000000000002c062      0x134 Output/BLE_Gateway Release/Obj/ble_nus.o
                0x000000000002c062                ble_nus_on_ble_evt
 *fill*         0x000000000002c196        0x2 
 .text.ble_nus_init
                0x000000000002c198       0xe8 Output/BLE_Gateway Release/Obj/ble_nus.o
                0x000000000002c198                ble_nus_init
 .text.ble_nus_data_send
                0x000000000002c280       0x66 Output/BLE_Gateway Release/Obj/ble_nus.o
                0x000000000002c280                ble_nus_data_send
 .text.sd_softdevice_enable
                0x000000000002c2e6        0x4 Output/BLE_Gateway Release/Obj/nrf_sdh.o
 .text.sd_softdevice_disable
                0x000000000002c2ea        0x4 Output/BLE_Gateway Release/Obj/nrf_sdh.o
 *fill*         0x000000000002c2ee        0x2 
 .text.sdh_request_observer_notify
                0x000000000002c2f0       0x30 Output/BLE_Gateway Release/Obj/nrf_sdh.o
 .text.sdh_state_observer_notify
                0x000000000002c320       0x28 Output/BLE_Gateway Release/Obj/nrf_sdh.o
 .text.softdevice_evt_irq_disable
                0x000000000002c348       0x24 Output/BLE_Gateway Release/Obj/nrf_sdh.o
 .text.softdevices_evt_irq_enable
                0x000000000002c36c       0x38 Output/BLE_Gateway Release/Obj/nrf_sdh.o
 .text.nrf_sdh_enable_request
                0x000000000002c3a4       0x78 Output/BLE_Gateway Release/Obj/nrf_sdh.o
                0x000000000002c3a4                nrf_sdh_enable_request
 .text.nrf_sdh_disable_request
                0x000000000002c41c       0x60 Output/BLE_Gateway Release/Obj/nrf_sdh.o
                0x000000000002c41c                nrf_sdh_disable_request
 .text.nrf_sdh_request_continue
                0x000000000002c47c       0x20 Output/BLE_Gateway Release/Obj/nrf_sdh.o
                0x000000000002c47c                nrf_sdh_request_continue
 .text.nrf_sdh_is_enabled
                0x000000000002c49c        0xc Output/BLE_Gateway Release/Obj/nrf_sdh.o
                0x000000000002c49c                nrf_sdh_is_enabled
 .text.nrf_sdh_evts_poll
                0x000000000002c4a8       0x28 Output/BLE_Gateway Release/Obj/nrf_sdh.o
                0x000000000002c4a8                nrf_sdh_evts_poll
 .text.SWI2_EGU2_IRQHandler
                0x000000000002c4d0        0x4 Output/BLE_Gateway Release/Obj/nrf_sdh.o
                0x000000000002c4d0                SWI2_EGU2_IRQHandler
 .text.sd_ble_enable
                0x000000000002c4d4        0x4 Output/BLE_Gateway Release/Obj/nrf_sdh_ble.o
 .text.sd_ble_cfg_set
                0x000000000002c4d8        0x4 Output/BLE_Gateway Release/Obj/nrf_sdh_ble.o
 .text.sd_ble_evt_get
                0x000000000002c4dc        0x4 Output/BLE_Gateway Release/Obj/nrf_sdh_ble.o
 .text.nrf_sdh_ble_evts_poll.part.1
                0x000000000002c4e0       0x4c Output/BLE_Gateway Release/Obj/nrf_sdh_ble.o
 .text.nrf_sdh_ble_evts_poll
                0x000000000002c52c       0x10 Output/BLE_Gateway Release/Obj/nrf_sdh_ble.o
 .text.nrf_sdh_ble_default_cfg_set
                0x000000000002c53c      0x1a0 Output/BLE_Gateway Release/Obj/nrf_sdh_ble.o
                0x000000000002c53c                nrf_sdh_ble_default_cfg_set
 .text.nrf_sdh_ble_enable
                0x000000000002c6dc       0x94 Output/BLE_Gateway Release/Obj/nrf_sdh_ble.o
                0x000000000002c6dc                nrf_sdh_ble_enable
 .text.sd_evt_get
                0x000000000002c770        0x4 Output/BLE_Gateway Release/Obj/nrf_sdh_soc.o
 .text.nrf_sdh_soc_evts_poll
                0x000000000002c774       0x3c Output/BLE_Gateway Release/Obj/nrf_sdh_soc.o
 .text.sd_ble_gap_adv_set_configure
                0x000000000002c7b0        0x4 Output/BLE_Gateway Release/Obj/main.o
 .text.sd_ble_gap_adv_start
                0x000000000002c7b4        0x4 Output/BLE_Gateway Release/Obj/main.o
 .text.sd_ble_gap_adv_stop
                0x000000000002c7b8        0x4 Output/BLE_Gateway Release/Obj/main.o
 .text.sd_ble_gap_disconnect
                0x000000000002c7bc        0x4 Output/BLE_Gateway Release/Obj/main.o
 .text.sd_ble_gap_ppcp_set
                0x000000000002c7c0        0x4 Output/BLE_Gateway Release/Obj/main.o
 .text.sd_ble_gap_device_name_set
                0x000000000002c7c4        0x4 Output/BLE_Gateway Release/Obj/main.o
 .text.sd_ble_gap_sec_params_reply
                0x000000000002c7c8        0x4 Output/BLE_Gateway Release/Obj/main.o
 .text.sd_ble_gap_phy_update
                0x000000000002c7cc        0x4 Output/BLE_Gateway Release/Obj/main.o
 .text.sd_ble_gatts_sys_attr_set
                0x000000000002c7d0        0x4 Output/BLE_Gateway Release/Obj/main.o
 .text.sd_power_system_off
                0x000000000002c7d4        0x4 Output/BLE_Gateway Release/Obj/main.o
 .text.advertising_start
                0x000000000002c7d8       0x1c Output/BLE_Gateway Release/Obj/main.o
 .text.nrf_qwr_error_handler
                0x000000000002c7f4        0x4 Output/BLE_Gateway Release/Obj/main.o
 .text.advertising_init
                0x000000000002c7f8       0xa4 Output/BLE_Gateway Release/Obj/main.o
 .text.fds_evt_handler
                0x000000000002c89c       0x7c Output/BLE_Gateway Release/Obj/main.o
 .text.on_conn_params_evt
                0x000000000002c918       0x1c Output/BLE_Gateway Release/Obj/main.o
 .text.gatt_evt_handler
                0x000000000002c934       0x40 Output/BLE_Gateway Release/Obj/main.o
                0x000000000002c934                gatt_evt_handler
 .text.bsp_event_handler
                0x000000000002c974       0x54 Output/BLE_Gateway Release/Obj/main.o
                0x000000000002c974                bsp_event_handler
 .text.uart_event_handle
                0x000000000002c9c8       0x98 Output/BLE_Gateway Release/Obj/main.o
                0x000000000002c9c8                uart_event_handle
 .text.conn_params_error_handler
                0x000000000002ca60        0x4 Output/BLE_Gateway Release/Obj/main.o
 .text.restart_receive
                0x000000000002ca64       0x18 Output/BLE_Gateway Release/Obj/main.o
                0x000000000002ca64                restart_receive
 .text.receive_packet
                0x000000000002ca7c      0x130 Output/BLE_Gateway Release/Obj/main.o
                0x000000000002ca7c                receive_packet
 .text.fds_init_data
                0x000000000002cbac       0x24 Output/BLE_Gateway Release/Obj/main.o
                0x000000000002cbac                fds_init_data
 .text.fds_wirte_data
                0x000000000002cbd0       0x50 Output/BLE_Gateway Release/Obj/main.o
                0x000000000002cbd0                fds_wirte_data
 .text.record_update
                0x000000000002cc20       0x80 Output/BLE_Gateway Release/Obj/main.o
                0x000000000002cc20                record_update
 .text.fds_read_data
                0x000000000002cca0       0xfc Output/BLE_Gateway Release/Obj/main.o
                0x000000000002cca0                fds_read_data
 .text.put_packet
                0x000000000002cd9c       0x78 Output/BLE_Gateway Release/Obj/main.o
                0x000000000002cd9c                put_packet
 .text.start_timer
                0x000000000002ce14       0x58 Output/BLE_Gateway Release/Obj/main.o
                0x000000000002ce14                start_timer
 .text.ble_evt_handler
                0x000000000002ce6c      0x1bc Output/BLE_Gateway Release/Obj/main.o
 .text.stop_timer
                0x000000000002d028       0x4c Output/BLE_Gateway Release/Obj/main.o
                0x000000000002d028                stop_timer
 .text.timer_handler
                0x000000000002d074       0x50 Output/BLE_Gateway Release/Obj/main.o
 .text.nus_data_handler
                0x000000000002d0c4       0xe8 Output/BLE_Gateway Release/Obj/main.o
 .text.gatt_init
                0x000000000002d1ac       0x2c Output/BLE_Gateway Release/Obj/main.o
                0x000000000002d1ac                gatt_init
 .text.find_conn_handle_from_addr
                0x000000000002d1d8       0x2c Output/BLE_Gateway Release/Obj/main.o
                0x000000000002d1d8                find_conn_handle_from_addr
 .text.name_change
                0x000000000002d204       0x8c Output/BLE_Gateway Release/Obj/main.o
                0x000000000002d204                name_change
 .text.process  0x000000000002d290      0x118 Output/BLE_Gateway Release/Obj/main.o
                0x000000000002d290                process
 .text.startup.main
                0x000000000002d3a8      0x24c Output/BLE_Gateway Release/Obj/main.o
                0x000000000002d3a8                main
 .text.libc.__int64_udivmod
                0x000000000002d5f4       0xce G:/Setup/Segger/lib/libc_v7em_fpv4_sp_d16_hard_t_le_eabi.a(libc_asm.o)
                0x000000000002d5f4                __aeabi_uldivmod
                0x000000000002d5f4                __int64_udiv
                0x000000000002d5f4                __udivdi3
                0x000000000002d5f4                __int64_udivmod
 *fill*         0x000000000002d6c2        0x2 
 .text.libc.__RAL_ascii_isctype
                0x000000000002d6c4       0x1c G:/Setup/Segger/lib/libc_v7em_fpv4_sp_d16_hard_t_le_eabi.a(libc2.o)
 .text.libc.__RAL_ascii_toupper
                0x000000000002d6e0        0xc G:/Setup/Segger/lib/libc_v7em_fpv4_sp_d16_hard_t_le_eabi.a(libc2.o)
 .text.libc.__RAL_ascii_tolower
                0x000000000002d6ec        0xc G:/Setup/Segger/lib/libc_v7em_fpv4_sp_d16_hard_t_le_eabi.a(libc2.o)
 .text.libc.__RAL_ascii_iswctype
                0x000000000002d6f8       0x1c G:/Setup/Segger/lib/libc_v7em_fpv4_sp_d16_hard_t_le_eabi.a(libc2.o)
 .text.libc.__RAL_ascii_towupper
                0x000000000002d714        0xc G:/Setup/Segger/lib/libc_v7em_fpv4_sp_d16_hard_t_le_eabi.a(libc2.o)
 .text.libc.__RAL_ascii_towlower
                0x000000000002d720        0xc G:/Setup/Segger/lib/libc_v7em_fpv4_sp_d16_hard_t_le_eabi.a(libc2.o)
 .text.libc.__RAL_ascii_wctomb
                0x000000000002d72c        0xe G:/Setup/Segger/lib/libc_v7em_fpv4_sp_d16_hard_t_le_eabi.a(libc2.o)
                0x000000000002d72c                __RAL_ascii_wctomb
 .text.libc.__RAL_ascii_mbtowc
                0x000000000002d73a       0x24 G:/Setup/Segger/lib/libc_v7em_fpv4_sp_d16_hard_t_le_eabi.a(libc2.o)
                0x000000000002d73a                __RAL_ascii_mbtowc
 *fill*         0x000000000002d75e        0x2 
 .text.libc.__RAL_isctype
                0x000000000002d760       0x14 G:/Setup/Segger/lib/libc_v7em_fpv4_sp_d16_hard_t_le_eabi.a(libc2.o)
                0x000000000002d760                __RAL_isctype
 .text.libc.isprint
                0x000000000002d774        0xa G:/Setup/Segger/lib/libc_v7em_fpv4_sp_d16_hard_t_le_eabi.a(libc2.o)
                0x000000000002d774                isprint
 .text.libc.memcpy
                0x000000000002d77e       0x52 G:/Setup/Segger/lib/libc_v7em_fpv4_sp_d16_hard_t_le_eabi.a(libc2_asm.o)
                0x000000000002d77e                __aeabi_memcpy
                0x000000000002d77e                memcpy
                0x000000000002d78a                __aeabi_memcpy8
                0x000000000002d78a                __aeabi_memcpy4
 .text.libc.memset
                0x000000000002d7d0       0x66 G:/Setup/Segger/lib/libc_v7em_fpv4_sp_d16_hard_t_le_eabi.a(libc2_asm.o)
                0x000000000002d7d0                memset
 .text.libc.strcpy
                0x000000000002d836       0x44 G:/Setup/Segger/lib/libc_v7em_fpv4_sp_d16_hard_t_le_eabi.a(libc2_asm.o)
                0x000000000002d836                strcpy
 .text.libc.strlen
                0x000000000002d87a       0x60 G:/Setup/Segger/lib/libc_v7em_fpv4_sp_d16_hard_t_le_eabi.a(libc2_asm.o)
                0x000000000002d87a                strlen
                0x000000000002d8da                __text_end__ = (__text_start__ + SIZEOF (.text))
                0x0000000000007502                __text_size__ = SIZEOF (.text)
                0x000000000002d8da                __text_load_end__ = __text_end__

.vfp11_veneer   0x0000000100000000        0x0
 .vfp11_veneer  0x0000000100000000        0x0 linker stubs

.v4_bx          0x0000000100000000        0x0
 .v4_bx         0x0000000100000000        0x0 linker stubs

.iplt           0x0000000100000000        0x0
 .iplt          0x0000000100000000        0x0 Output/BLE_Gateway Release/Obj/thumb_crt0.o
                0x0000000000000001                . = ASSERT (((__text_start__ == __text_end__) || ((__text_end__ >= __FLASH_segment_start__) && (__text_end__ <= __FLASH_segment_end__))), error: .text is too large to fit in FLASH memory segment)
                0x000000000002d8dc                __sdh_soc_observers_load_start__ = ALIGN (__text_end__, 0x4)

.sdh_soc_observers
                0x000000000002d8dc       0x18
                0x000000000002d8dc                __sdh_soc_observers_start__ = .
                0x000000000002d8dc                __start_sdh_soc_observers = __sdh_soc_observers_start__
 *(SORT_BY_NAME(.sdh_soc_observers*))
 .sdh_soc_observers0
                0x000000000002d8dc        0x8 Output/BLE_Gateway Release/Obj/nrf_fstorage_sd.o
 .sdh_soc_observers0
                0x000000000002d8e4        0x8 Output/BLE_Gateway Release/Obj/nrf_drv_clock.o
 .sdh_soc_observers1
                0x000000000002d8ec        0x8 Output/BLE_Gateway Release/Obj/main.o
                0x000000000002d8f4                __sdh_soc_observers_end__ = (__sdh_soc_observers_start__ + SIZEOF (.sdh_soc_observers))
                0x0000000000000018                __sdh_soc_observers_size__ = SIZEOF (.sdh_soc_observers)
                0x000000000002d8f4                __stop_sdh_soc_observers = __sdh_soc_observers_end__
                0x000000000002d8f4                __sdh_soc_observers_load_end__ = __sdh_soc_observers_end__
                0x0000000000000001                . = ASSERT (((__sdh_soc_observers_start__ == __sdh_soc_observers_end__) || ((__sdh_soc_observers_end__ >= __FLASH_segment_start__) && (__sdh_soc_observers_end__ <= __FLASH_segment_end__))), error: .sdh_soc_observers is too large to fit in FLASH memory segment)
                0x000000000002d8f4                __sdh_ble_observers_load_start__ = ALIGN (__sdh_soc_observers_end__, 0x4)

.sdh_ble_observers
                0x000000000002d8f4       0x60
                0x000000000002d8f4                __sdh_ble_observers_start__ = .
                0x000000000002d8f4                __start_sdh_ble_observers = __sdh_ble_observers_start__
 *(SORT_BY_NAME(.sdh_ble_observers*))
 .sdh_ble_observers0
                0x000000000002d8f4        0x8 Output/BLE_Gateway Release/Obj/ble_conn_state.o
 .sdh_ble_observers1
                0x000000000002d8fc        0x8 Output/BLE_Gateway Release/Obj/bsp_btn_ble.o
 .sdh_ble_observers1
                0x000000000002d904        0x8 Output/BLE_Gateway Release/Obj/ble_conn_params.o
 .sdh_ble_observers1
                0x000000000002d90c       0x10 Output/BLE_Gateway Release/Obj/main.o
 .sdh_ble_observers2
                0x000000000002d91c       0x30 Output/BLE_Gateway Release/Obj/main.o
 .sdh_ble_observers3
                0x000000000002d94c        0x8 Output/BLE_Gateway Release/Obj/main.o
                0x000000000002d954                __sdh_ble_observers_end__ = (__sdh_ble_observers_start__ + SIZEOF (.sdh_ble_observers))
                0x0000000000000060                __sdh_ble_observers_size__ = SIZEOF (.sdh_ble_observers)
                0x000000000002d954                __stop_sdh_ble_observers = __sdh_ble_observers_end__
                0x000000000002d954                __sdh_ble_observers_load_end__ = __sdh_ble_observers_end__
                0x0000000000000001                . = ASSERT (((__sdh_ble_observers_start__ == __sdh_ble_observers_end__) || ((__sdh_ble_observers_end__ >= __FLASH_segment_start__) && (__sdh_ble_observers_end__ <= __FLASH_segment_end__))), error: .sdh_ble_observers is too large to fit in FLASH memory segment)
                0x000000000002d954                __pwr_mgmt_data_load_start__ = ALIGN (__sdh_ble_observers_end__, 0x4)

.pwr_mgmt_data  0x000000000002d954        0x0
                0x000000000002d954                __pwr_mgmt_data_start__ = .
                0x000000000002d954                __start_pwr_mgmt_data = __pwr_mgmt_data_start__
 *(SORT_BY_NAME(.pwr_mgmt_data*))
                0x000000000002d954                __pwr_mgmt_data_end__ = (__pwr_mgmt_data_start__ + SIZEOF (.pwr_mgmt_data))
                0x0000000000000000                __pwr_mgmt_data_size__ = SIZEOF (.pwr_mgmt_data)
                0x000000000002d954                __stop_pwr_mgmt_data = __pwr_mgmt_data_end__
                0x000000000002d954                __pwr_mgmt_data_load_end__ = __pwr_mgmt_data_end__
                0x0000000000000001                . = ASSERT (((__pwr_mgmt_data_start__ == __pwr_mgmt_data_end__) || ((__pwr_mgmt_data_end__ >= __FLASH_segment_start__) && (__pwr_mgmt_data_end__ <= __FLASH_segment_end__))), error: .pwr_mgmt_data is too large to fit in FLASH memory segment)
                0x000000000002d954                __sdh_req_observers_load_start__ = ALIGN (__pwr_mgmt_data_end__, 0x4)

.sdh_req_observers
                0x000000000002d954        0x8
                0x000000000002d954                __sdh_req_observers_start__ = .
                0x000000000002d954                __start_sdh_req_observers = __sdh_req_observers_start__
 *(SORT_BY_NAME(.sdh_req_observers*))
 .sdh_req_observers0
                0x000000000002d954        0x8 Output/BLE_Gateway Release/Obj/nrf_fstorage_sd.o
                0x000000000002d954                m_req_obs
                0x000000000002d95c                __sdh_req_observers_end__ = (__sdh_req_observers_start__ + SIZEOF (.sdh_req_observers))
                0x0000000000000008                __sdh_req_observers_size__ = SIZEOF (.sdh_req_observers)
                0x000000000002d95c                __stop_sdh_req_observers = __sdh_req_observers_end__
                0x000000000002d95c                __sdh_req_observers_load_end__ = __sdh_req_observers_end__
                0x0000000000000001                . = ASSERT (((__sdh_req_observers_start__ == __sdh_req_observers_end__) || ((__sdh_req_observers_end__ >= __FLASH_segment_start__) && (__sdh_req_observers_end__ <= __FLASH_segment_end__))), error: .sdh_req_observers is too large to fit in FLASH memory segment)
                0x000000000002d95c                __sdh_state_observers_load_start__ = ALIGN (__sdh_req_observers_end__, 0x4)

.sdh_state_observers
                0x000000000002d95c       0x10
                0x000000000002d95c                __sdh_state_observers_start__ = .
                0x000000000002d95c                __start_sdh_state_observers = __sdh_state_observers_start__
 *(SORT_BY_NAME(.sdh_state_observers*))
 .sdh_state_observers0
                0x000000000002d95c        0x8 Output/BLE_Gateway Release/Obj/nrf_fstorage_sd.o
 .sdh_state_observers0
                0x000000000002d964        0x8 Output/BLE_Gateway Release/Obj/nrf_drv_clock.o
                0x000000000002d96c                __sdh_state_observers_end__ = (__sdh_state_observers_start__ + SIZEOF (.sdh_state_observers))
                0x0000000000000010                __sdh_state_observers_size__ = SIZEOF (.sdh_state_observers)
                0x000000000002d96c                __stop_sdh_state_observers = __sdh_state_observers_end__
                0x000000000002d96c                __sdh_state_observers_load_end__ = __sdh_state_observers_end__
                0x0000000000000001                . = ASSERT (((__sdh_state_observers_start__ == __sdh_state_observers_end__) || ((__sdh_state_observers_end__ >= __FLASH_segment_start__) && (__sdh_state_observers_end__ <= __FLASH_segment_end__))), error: .sdh_state_observers is too large to fit in FLASH memory segment)
                0x000000000002d96c                __sdh_stack_observers_load_start__ = ALIGN (__sdh_state_observers_end__, 0x4)

.sdh_stack_observers
                0x000000000002d96c       0x10
                0x000000000002d96c                __sdh_stack_observers_start__ = .
                0x000000000002d96c                __start_sdh_stack_observers = __sdh_stack_observers_start__
 *(SORT_BY_NAME(.sdh_stack_observers*))
 .sdh_stack_observers0
                0x000000000002d96c        0x8 Output/BLE_Gateway Release/Obj/nrf_sdh_ble.o
 .sdh_stack_observers0
                0x000000000002d974        0x8 Output/BLE_Gateway Release/Obj/nrf_sdh_soc.o
                0x000000000002d97c                __sdh_stack_observers_end__ = (__sdh_stack_observers_start__ + SIZEOF (.sdh_stack_observers))
                0x0000000000000010                __sdh_stack_observers_size__ = SIZEOF (.sdh_stack_observers)
                0x000000000002d97c                __stop_sdh_stack_observers = __sdh_stack_observers_end__
                0x000000000002d97c                __sdh_stack_observers_load_end__ = __sdh_stack_observers_end__
                0x0000000000000001                . = ASSERT (((__sdh_stack_observers_start__ == __sdh_stack_observers_end__) || ((__sdh_stack_observers_end__ >= __FLASH_segment_start__) && (__sdh_stack_observers_end__ <= __FLASH_segment_end__))), error: .sdh_stack_observers is too large to fit in FLASH memory segment)
                0x000000000002d97c                __nrf_queue_load_start__ = ALIGN (__sdh_stack_observers_end__, 0x4)

.nrf_queue      0x000000000002d97c        0x0
                0x000000000002d97c                __nrf_queue_start__ = .
                0x000000000002d97c                __start_nrf_queue = __nrf_queue_start__
 *(.nrf_queue*)
                0x000000000002d97c                __nrf_queue_end__ = (__nrf_queue_start__ + SIZEOF (.nrf_queue))
                0x0000000000000000                __nrf_queue_size__ = SIZEOF (.nrf_queue)
                0x000000000002d97c                __stop_nrf_queue = __nrf_queue_end__
                0x000000000002d97c                __nrf_queue_load_end__ = __nrf_queue_end__
                0x0000000000000001                . = ASSERT (((__nrf_queue_start__ == __nrf_queue_end__) || ((__nrf_queue_end__ >= __FLASH_segment_start__) && (__nrf_queue_end__ <= __FLASH_segment_end__))), error: .nrf_queue is too large to fit in FLASH memory segment)
                0x000000000002d97c                __nrf_balloc_load_start__ = ALIGN (__nrf_queue_end__, 0x4)

.nrf_balloc     0x000000000002d97c       0x14
                0x000000000002d97c                __nrf_balloc_start__ = .
                0x000000000002d97c                __start_nrf_balloc = __nrf_balloc_start__
 *(.nrf_balloc*)
 .nrf_balloc    0x000000000002d97c       0x14 Output/BLE_Gateway Release/Obj/nrf_log_frontend.o
                0x000000000002d97c                log_mempool
                0x000000000002d990                __nrf_balloc_end__ = (__nrf_balloc_start__ + SIZEOF (.nrf_balloc))
                0x0000000000000014                __nrf_balloc_size__ = SIZEOF (.nrf_balloc)
                0x000000000002d990                __stop_nrf_balloc = __nrf_balloc_end__
                0x000000000002d990                __nrf_balloc_load_end__ = __nrf_balloc_end__
                0x0000000000000001                . = ASSERT (((__nrf_balloc_start__ == __nrf_balloc_end__) || ((__nrf_balloc_end__ >= __FLASH_segment_start__) && (__nrf_balloc_end__ <= __FLASH_segment_end__))), error: .nrf_balloc is too large to fit in FLASH memory segment)
                0x000000000002d990                __cli_command_load_start__ = ALIGN (__nrf_balloc_end__, 0x4)

.cli_command    0x000000000002d990        0x0
                0x000000000002d990                __cli_command_start__ = .
                0x000000000002d990                __start_cli_command = __cli_command_start__
 *(.cli_command*)
                0x000000000002d990                __cli_command_end__ = (__cli_command_start__ + SIZEOF (.cli_command))
                0x0000000000000000                __cli_command_size__ = SIZEOF (.cli_command)
                0x000000000002d990                __stop_cli_command = __cli_command_end__
                0x000000000002d990                __cli_command_load_end__ = __cli_command_end__
                0x0000000000000001                . = ASSERT (((__cli_command_start__ == __cli_command_end__) || ((__cli_command_end__ >= __FLASH_segment_start__) && (__cli_command_end__ <= __FLASH_segment_end__))), error: .cli_command is too large to fit in FLASH memory segment)
                0x000000000002d990                __crypto_data_load_start__ = ALIGN (__cli_command_end__, 0x4)

.crypto_data    0x000000000002d990        0x0
                0x000000000002d990                __crypto_data_start__ = .
                0x000000000002d990                __start_crypto_data = __crypto_data_start__
 *(SORT_BY_NAME(.crypto_data*))
                0x000000000002d990                __crypto_data_end__ = (__crypto_data_start__ + SIZEOF (.crypto_data))
                0x0000000000000000                __crypto_data_size__ = SIZEOF (.crypto_data)
                0x000000000002d990                __stop_crypto_data = __crypto_data_end__
                0x000000000002d990                __crypto_data_load_end__ = __crypto_data_end__
                0x0000000000000001                . = ASSERT (((__crypto_data_start__ == __crypto_data_end__) || ((__crypto_data_end__ >= __FLASH_segment_start__) && (__crypto_data_end__ <= __FLASH_segment_end__))), error: .crypto_data is too large to fit in FLASH memory segment)
                0x000000000002d990                __log_const_data_load_start__ = ALIGN (__crypto_data_end__, 0x4)

.log_const_data
                0x000000000002d990       0x70
                0x000000000002d990                __log_const_data_start__ = .
                0x000000000002d990                __start_log_const_data = __log_const_data_start__
 *(SORT_BY_NAME(.log_const_data*))
 .log_const_data_CLOCK
                0x000000000002d990        0x8 Output/BLE_Gateway Release/Obj/nrfx_clock.o
                0x000000000002d990                m_nrf_log_CLOCK_logs_data_const
 .log_const_data_GPIOTE
                0x000000000002d998        0x8 Output/BLE_Gateway Release/Obj/nrfx_gpiote.o
                0x000000000002d998                m_nrf_log_GPIOTE_logs_data_const
 .log_const_data_PRS
                0x000000000002d9a0        0x8 Output/BLE_Gateway Release/Obj/nrfx_prs.o
                0x000000000002d9a0                m_nrf_log_PRS_logs_data_const
 .log_const_data_UART
                0x000000000002d9a8        0x8 Output/BLE_Gateway Release/Obj/nrfx_uart.o
                0x000000000002d9a8                m_nrf_log_UART_logs_data_const
 .log_const_data_UARTE
                0x000000000002d9b0        0x8 Output/BLE_Gateway Release/Obj/nrfx_uarte.o
                0x000000000002d9b0                m_nrf_log_UARTE_logs_data_const
 .log_const_data_app
                0x000000000002d9b8        0x8 Output/BLE_Gateway Release/Obj/nrf_log_frontend.o
                0x000000000002d9b8                m_nrf_log_app_logs_data_const
 .log_const_data_ble_nus
                0x000000000002d9c0        0x8 Output/BLE_Gateway Release/Obj/ble_nus.o
                0x000000000002d9c0                m_nrf_log_ble_nus_logs_data_const
 .log_const_data_clock
                0x000000000002d9c8        0x8 Output/BLE_Gateway Release/Obj/nrf_drv_clock.o
                0x000000000002d9c8                m_nrf_log_clock_logs_data_const
 .log_const_data_nrf_ble_gatt
                0x000000000002d9d0        0x8 Output/BLE_Gateway Release/Obj/nrf_ble_gatt.o
                0x000000000002d9d0                m_nrf_log_nrf_ble_gatt_logs_data_const
 .log_const_data_nrf_fstorage
                0x000000000002d9d8        0x8 Output/BLE_Gateway Release/Obj/nrf_fstorage.o
                0x000000000002d9d8                m_nrf_log_nrf_fstorage_logs_data_const
 .log_const_data_nrf_sdh
                0x000000000002d9e0        0x8 Output/BLE_Gateway Release/Obj/nrf_sdh.o
                0x000000000002d9e0                m_nrf_log_nrf_sdh_logs_data_const
 .log_const_data_nrf_sdh_ble
                0x000000000002d9e8        0x8 Output/BLE_Gateway Release/Obj/nrf_sdh_ble.o
                0x000000000002d9e8                m_nrf_log_nrf_sdh_ble_logs_data_const
 .log_const_data_nrf_sdh_soc
                0x000000000002d9f0        0x8 Output/BLE_Gateway Release/Obj/nrf_sdh_soc.o
                0x000000000002d9f0                m_nrf_log_nrf_sdh_soc_logs_data_const
 .log_const_data_pwr_mgmt
                0x000000000002d9f8        0x8 Output/BLE_Gateway Release/Obj/nrf_pwr_mgmt.o
                0x000000000002d9f8                m_nrf_log_pwr_mgmt_logs_data_const
                0x000000000002da00                __log_const_data_end__ = (__log_const_data_start__ + SIZEOF (.log_const_data))
                0x0000000000000070                __log_const_data_size__ = SIZEOF (.log_const_data)
                0x000000000002da00                __stop_log_const_data = __log_const_data_end__
                0x000000000002da00                __log_const_data_load_end__ = __log_const_data_end__
                0x0000000000000001                . = ASSERT (((__log_const_data_start__ == __log_const_data_end__) || ((__log_const_data_end__ >= __FLASH_segment_start__) && (__log_const_data_end__ <= __FLASH_segment_end__))), error: .log_const_data is too large to fit in FLASH memory segment)
                0x000000000002da00                __log_backends_load_start__ = ALIGN (__log_const_data_end__, 0x4)

.log_backends   0x000000000002da00       0x10
                0x000000000002da00                __log_backends_start__ = .
                0x000000000002da00                __start_log_backends = __log_backends_start__
 *(SORT_BY_NAME(.log_backends*))
 .log_backends  0x000000000002da00       0x10 Output/BLE_Gateway Release/Obj/nrf_log_default_backends.o
                0x000000000002da10                __log_backends_end__ = (__log_backends_start__ + SIZEOF (.log_backends))
                0x0000000000000010                __log_backends_size__ = SIZEOF (.log_backends)
                0x000000000002da10                __stop_log_backends = __log_backends_end__
                0x000000000002da10                __log_backends_load_end__ = __log_backends_end__
                0x0000000000000001                . = ASSERT (((__log_backends_start__ == __log_backends_end__) || ((__log_backends_end__ >= __FLASH_segment_start__) && (__log_backends_end__ <= __FLASH_segment_end__))), error: .log_backends is too large to fit in FLASH memory segment)
                0x000000000002da10                __nrf_sections_load_start__ = ALIGN (__log_backends_end__, 0x4)

.nrf_sections   0x000000000002da10        0x0
                0x000000000002da10                __nrf_sections_start__ = .
                0x000000000002da10                __start_nrf_sections = __nrf_sections_start__
 *(.nrf_sections .nrf_sections.*)
                0x000000000002da10                __nrf_sections_end__ = (__nrf_sections_start__ + SIZEOF (.nrf_sections))
                0x0000000000000000                __nrf_sections_size__ = SIZEOF (.nrf_sections)
                0x000000000002da10                __nrf_sections_load_end__ = __nrf_sections_end__
                0x0000000000000001                . = ASSERT (((__nrf_sections_start__ == __nrf_sections_end__) || ((__nrf_sections_end__ >= __FLASH_segment_start__) && (__nrf_sections_end__ <= __FLASH_segment_end__))), error: .nrf_sections is too large to fit in FLASH memory segment)
                0x000000000002da10                __cli_sorted_cmd_ptrs_load_start__ = ALIGN (__nrf_sections_end__, 0x4)

.cli_sorted_cmd_ptrs
                0x00000000200068e8        0x0 load address 0x000000000002da10
                0x00000000200068e8                __cli_sorted_cmd_ptrs_start__ = .
 *(.cli_sorted_cmd_ptrs*)
                0x00000000200068e8                __cli_sorted_cmd_ptrs_end__ = (__cli_sorted_cmd_ptrs_start__ + SIZEOF (.cli_sorted_cmd_ptrs))
                0x0000000000000000                __cli_sorted_cmd_ptrs_size__ = SIZEOF (.cli_sorted_cmd_ptrs)
                0x000000000002da10                __cli_sorted_cmd_ptrs_load_end__ = (__cli_sorted_cmd_ptrs_load_start__ + SIZEOF (.cli_sorted_cmd_ptrs))
                0x0000000000000001                . = ASSERT (((__cli_sorted_cmd_ptrs_load_start__ == __cli_sorted_cmd_ptrs_load_end__) || ((__cli_sorted_cmd_ptrs_load_end__ >= __FLASH_segment_start__) && (__cli_sorted_cmd_ptrs_load_end__ <= __FLASH_segment_end__))), error: .cli_sorted_cmd_ptrs is too large to fit in FLASH memory segment)

.cli_sorted_cmd_ptrs_run
                0x00000000200068e8        0x0
                0x00000000200068e8                __cli_sorted_cmd_ptrs_run_start__ = .
                0x00000000200068e8                __start_cli_sorted_cmd_ptrs = __cli_sorted_cmd_ptrs_run_start__
                0x00000000200068e8                . = MAX ((__cli_sorted_cmd_ptrs_run_start__ + SIZEOF (.cli_sorted_cmd_ptrs)), .)
                0x00000000200068e8                __cli_sorted_cmd_ptrs_run_end__ = (__cli_sorted_cmd_ptrs_run_start__ + SIZEOF (.cli_sorted_cmd_ptrs_run))
                0x0000000000000000                __cli_sorted_cmd_ptrs_run_size__ = SIZEOF (.cli_sorted_cmd_ptrs_run)
                0x00000000200068e8                __stop_cli_sorted_cmd_ptrs = __cli_sorted_cmd_ptrs_run_end__
                0x00000000200068e8                __cli_sorted_cmd_ptrs_run_load_end__ = __cli_sorted_cmd_ptrs_run_end__
                0x0000000000000001                . = ASSERT (((__cli_sorted_cmd_ptrs_run_start__ == __cli_sorted_cmd_ptrs_run_end__) || ((__cli_sorted_cmd_ptrs_run_end__ >= __RAM_segment_start__) && (__cli_sorted_cmd_ptrs_run_end__ <= __RAM_segment_end__))), error: .cli_sorted_cmd_ptrs_run is too large to fit in RAM memory segment)
                0x000000000002da10                __fs_data_load_start__ = ALIGN ((__cli_sorted_cmd_ptrs_load_start__ + SIZEOF (.cli_sorted_cmd_ptrs)), 0x4)

.fs_data        0x00000000200068e8       0x14 load address 0x000000000002da10
                0x00000000200068e8                __fs_data_start__ = .
 *(.fs_data*)
 .fs_data       0x00000000200068e8       0x14 Output/BLE_Gateway Release/Obj/fds.o
                0x00000000200068e8                m_fs
                0x00000000200068fc                __fs_data_end__ = (__fs_data_start__ + SIZEOF (.fs_data))
                0x0000000000000014                __fs_data_size__ = SIZEOF (.fs_data)
                0x000000000002da24                __fs_data_load_end__ = (__fs_data_load_start__ + SIZEOF (.fs_data))
                0x0000000000000001                . = ASSERT (((__fs_data_load_start__ == __fs_data_load_end__) || ((__fs_data_load_end__ >= __FLASH_segment_start__) && (__fs_data_load_end__ <= __FLASH_segment_end__))), error: .fs_data is too large to fit in FLASH memory segment)

.fs_data_run    0x00000000200068e8       0x14 load address 0x000000000002da10
                0x00000000200068e8                __fs_data_run_start__ = .
                0x00000000200068e8                __start_fs_data = __fs_data_run_start__
                0x00000000200068fc                . = MAX ((__fs_data_run_start__ + SIZEOF (.fs_data)), .)
 *fill*         0x00000000200068e8       0x14 
                0x00000000200068fc                __fs_data_run_end__ = (__fs_data_run_start__ + SIZEOF (.fs_data_run))
                0x0000000000000014                __fs_data_run_size__ = SIZEOF (.fs_data_run)
                0x00000000200068fc                __stop_fs_data = __fs_data_run_end__
                0x00000000200068fc                __fs_data_run_load_end__ = __fs_data_run_end__
                0x0000000000000001                . = ASSERT (((__fs_data_run_start__ == __fs_data_run_end__) || ((__fs_data_run_end__ >= __RAM_segment_start__) && (__fs_data_run_end__ <= __RAM_segment_end__))), error: .fs_data_run is too large to fit in RAM memory segment)
                0x000000000002da24                __log_dynamic_data_load_start__ = ALIGN ((__fs_data_load_start__ + SIZEOF (.fs_data)), 0x4)

.log_dynamic_data
                0x00000000200068fc        0x0 load address 0x000000000002da24
                0x00000000200068fc                __log_dynamic_data_start__ = .
 *(SORT_BY_NAME(.log_dynamic_data*))
                0x00000000200068fc                __log_dynamic_data_end__ = (__log_dynamic_data_start__ + SIZEOF (.log_dynamic_data))
                0x0000000000000000                __log_dynamic_data_size__ = SIZEOF (.log_dynamic_data)
                0x000000000002da24                __log_dynamic_data_load_end__ = (__log_dynamic_data_load_start__ + SIZEOF (.log_dynamic_data))
                0x0000000000000001                . = ASSERT (((__log_dynamic_data_load_start__ == __log_dynamic_data_load_end__) || ((__log_dynamic_data_load_end__ >= __FLASH_segment_start__) && (__log_dynamic_data_load_end__ <= __FLASH_segment_end__))), error: .log_dynamic_data is too large to fit in FLASH memory segment)

.log_dynamic_data_run
                0x00000000200068fc        0x0
                0x00000000200068fc                __log_dynamic_data_run_start__ = .
                0x00000000200068fc                __start_log_dynamic_data = __log_dynamic_data_run_start__
                0x00000000200068fc                . = MAX ((__log_dynamic_data_run_start__ + SIZEOF (.log_dynamic_data)), .)
                0x00000000200068fc                __log_dynamic_data_run_end__ = (__log_dynamic_data_run_start__ + SIZEOF (.log_dynamic_data_run))
                0x0000000000000000                __log_dynamic_data_run_size__ = SIZEOF (.log_dynamic_data_run)
                0x00000000200068fc                __stop_log_dynamic_data = __log_dynamic_data_run_end__
                0x00000000200068fc                __log_dynamic_data_run_load_end__ = __log_dynamic_data_run_end__
                0x0000000000000001                . = ASSERT (((__log_dynamic_data_run_start__ == __log_dynamic_data_run_end__) || ((__log_dynamic_data_run_end__ >= __RAM_segment_start__) && (__log_dynamic_data_run_end__ <= __RAM_segment_end__))), error: .log_dynamic_data_run is too large to fit in RAM memory segment)
                0x000000000002da24                __log_filter_data_load_start__ = ALIGN ((__log_dynamic_data_load_start__ + SIZEOF (.log_dynamic_data)), 0x4)

.log_filter_data
                0x00000000200068fc        0x0 load address 0x000000000002da24
                0x00000000200068fc                __log_filter_data_start__ = .
 *(SORT_BY_NAME(.log_filter_data*))
                0x00000000200068fc                __log_filter_data_end__ = (__log_filter_data_start__ + SIZEOF (.log_filter_data))
                0x0000000000000000                __log_filter_data_size__ = SIZEOF (.log_filter_data)